[INFO] Scanning for projects...
[INFO] 
[INFO] ----------------------< com.payroute:orchestrate >----------------------
[INFO] Building  0.0.1-SNAPSHOT
[INFO]   from pom.xml
[INFO] --------------------------------[ jar ]---------------------------------
[INFO] 
[INFO] --- resources:3.3.1:resources (default-resources) @ orchestrate ---
[INFO] Copying 3 resources from src\main\resources to target\classes
[INFO] Copying 4 resources from src\main\resources to target\classes
[INFO] 
[INFO] --- compiler:3.14.1:compile (default-compile) @ orchestrate ---
[INFO] Nothing to compile - all classes are up to date.
[INFO] 
[INFO] --- resources:3.3.1:testResources (default-testResources) @ orchestrate ---
[INFO] Copying 1 resource from src\test\resources to target\test-classes
[INFO] 
[INFO] --- compiler:3.14.1:testCompile (default-testCompile) @ orchestrate ---
[INFO] Nothing to compile - all classes are up to date.
[INFO] 
[INFO] --- surefire:3.5.5:test (default-test) @ orchestrate ---
[INFO] Using auto detected provider org.apache.maven.surefire.junitplatform.JUnitPlatformProvider
[INFO] 
[INFO] -------------------------------------------------------
[INFO]  T E S T S
[INFO] -------------------------------------------------------
[INFO] Running com.payroute.orchestrate.OrchestrateApplicationTests
18:28:16.427 [main] INFO org.springframework.test.context.support.AnnotationConfigContextLoaderUtils -- Could not detect default configuration classes for test class [com.payroute.orchestrate.OrchestrateApplicationTests]: OrchestrateApplicationTests does not declare any static, non-private, non-final, nested classes annotated with @Configuration.
18:28:16.576 [main] INFO org.springframework.boot.test.context.SpringBootTestContextBootstrapper -- Found @SpringBootConfiguration com.payroute.orchestrate.OrchestrateApplication for test class com.payroute.orchestrate.OrchestrateApplicationTests
18:28:16.708 [main] INFO org.springframework.test.context.support.AnnotationConfigContextLoaderUtils -- Could not detect default configuration classes for test class [com.payroute.orchestrate.OrchestrateApplicationTests]: OrchestrateApplicationTests does not declare any static, non-private, non-final, nested classes annotated with @Configuration.
18:28:16.711 [main] INFO org.springframework.boot.test.context.SpringBootTestContextBootstrapper -- Found @SpringBootConfiguration com.payroute.orchestrate.OrchestrateApplication for test class com.payroute.orchestrate.OrchestrateApplicationTests

  .   ____          _            __ _ _
 /\\ / ___'_ __ _ _(_)_ __  __ _ \ \ \ \
( ( )\___ | '_ | '_| | '_ \/ _` | \ \ \ \
 \\/  ___)| |_)| | | | | || (_| |  ) ) ) )
  '  |____| .__|_| |_|_| |_\__, | / / / /
 =========|_|==============|___/=/_/_/_/

 :: Spring Boot ::                (v4.0.4)

2026-03-22T18:28:17.276+05:30  INFO 19496 --- [payroute] [           main] c.p.o.OrchestrateApplicationTests        : Starting OrchestrateApplicationTests using Java 21.0.5 with PID 19496 (started by hp in E:\Payroute\orchestrate)
2026-03-22T18:28:17.276+05:30 DEBUG 19496 --- [payroute] [           main] c.p.o.OrchestrateApplicationTests        : Running with Spring Boot v4.0.4, Spring v7.0.6
2026-03-22T18:28:17.278+05:30  INFO 19496 --- [payroute] [           main] c.p.o.OrchestrateApplicationTests        : The following 1 profile is active: "test"
2026-03-22T18:28:18.937+05:30  INFO 19496 --- [payroute] [           main] .s.d.r.c.RepositoryConfigurationDelegate : Multiple Spring Data modules found, entering strict repository configuration mode
2026-03-22T18:28:18.940+05:30  INFO 19496 --- [payroute] [           main] .s.d.r.c.RepositoryConfigurationDelegate : Bootstrapping Spring Data JPA repositories in DEFAULT mode.
2026-03-22T18:28:19.149+05:30  INFO 19496 --- [payroute] [           main] .s.d.r.c.RepositoryConfigurationDelegate : Finished Spring Data repository scanning in 190 ms. Found 4 JPA repository interfaces.
2026-03-22T18:28:19.241+05:30  INFO 19496 --- [payroute] [           main] .s.d.r.c.RepositoryConfigurationDelegate : Multiple Spring Data modules found, entering strict repository configuration mode
2026-03-22T18:28:19.244+05:30  INFO 19496 --- [payroute] [           main] .s.d.r.c.RepositoryConfigurationDelegate : Bootstrapping Spring Data Redis repositories in DEFAULT mode.
2026-03-22T18:28:19.276+05:30  INFO 19496 --- [payroute] [           main] .RepositoryConfigurationExtensionSupport : Spring Data Redis - Could not safely identify store assignment for repository candidate interface com.payroute.orchestrate.repository.PaymentProviderRepository; If you want this repository to be a Redis repository, consider annotating your entities with one of these annotations: org.springframework.data.redis.core.RedisHash (preferred), or consider extending one of the following types with your repository: org.springframework.data.keyvalue.repository.KeyValueRepository
2026-03-22T18:28:19.279+05:30  INFO 19496 --- [payroute] [           main] .RepositoryConfigurationExtensionSupport : Spring Data Redis - Could not safely identify store assignment for repository candidate interface com.payroute.orchestrate.repository.RoutingRuleRepository; If you want this repository to be a Redis repository, consider annotating your entities with one of these annotations: org.springframework.data.redis.core.RedisHash (preferred), or consider extending one of the following types with your repository: org.springframework.data.keyvalue.repository.KeyValueRepository
2026-03-22T18:28:19.279+05:30  INFO 19496 --- [payroute] [           main] .RepositoryConfigurationExtensionSupport : Spring Data Redis - Could not safely identify store assignment for repository candidate interface com.payroute.orchestrate.repository.TransactionEventRepository; If you want this repository to be a Redis repository, consider annotating your entities with one of these annotations: org.springframework.data.redis.core.RedisHash (preferred), or consider extending one of the following types with your repository: org.springframework.data.keyvalue.repository.KeyValueRepository
2026-03-22T18:28:19.279+05:30  INFO 19496 --- [payroute] [           main] .RepositoryConfigurationExtensionSupport : Spring Data Redis - Could not safely identify store assignment for repository candidate interface com.payroute.orchestrate.repository.TransactionRepository; If you want this repository to be a Redis repository, consider annotating your entities with one of these annotations: org.springframework.data.redis.core.RedisHash (preferred), or consider extending one of the following types with your repository: org.springframework.data.keyvalue.repository.KeyValueRepository
2026-03-22T18:28:19.279+05:30  INFO 19496 --- [payroute] [           main] .s.d.r.c.RepositoryConfigurationDelegate : Finished Spring Data repository scanning in 18 ms. Found 0 Redis repository interfaces.
2026-03-22T18:28:19.984+05:30  WARN 19496 --- [payroute] [           main] o.s.w.c.s.GenericWebApplicationContext   : Exception encountered during context initialization - cancelling refresh attempt: org.springframework.beans.factory.BeanCreationException: Error creating bean with name 'entityManagerFactory' defined in class path resource [org/springframework/boot/hibernate/autoconfigure/HibernateJpaConfiguration.class]: Failed to initialize dependency 'dataSourceScriptDatabaseInitializer' of LoadTimeWeaverAware bean 'entityManagerFactory': Error creating bean with name 'dataSourceScriptDatabaseInitializer' defined in class path resource [org/springframework/boot/jdbc/autoconfigure/DataSourceInitializationAutoConfiguration.class]: Unsatisfied dependency expressed through method 'dataSourceScriptDatabaseInitializer' parameter 0: Error creating bean with name 'dataSource' defined in class path resource [org/springframework/boot/jdbc/autoconfigure/DataSourceConfiguration$Hikari.class]: Failed to instantiate [com.zaxxer.hikari.HikariDataSource]: Factory method 'dataSource' threw exception with message: Failed to determine suitable jdbc url
./mvnw : 
At line:1 char:1
+ ./mvnw test > test_output.log 2>&1
+ ~~~~~~~~~~~~~~~~~~~~~~~~~~~~~~~~~~
    + CategoryInfo          : NotSpecified: (:String) [], 
    RemoteException
    + FullyQualifiedErrorId : NativeCommandError
 


============================
CONDITIONS EVALUATION REPORT
============================


Positive matches:
-----------------

   AopAutoConfiguration matched:
      - @ConditionalOnBooleanProperty 
(spring.aop.auto=true) matched (OnPropertyCondition)

   AopAutoConfiguration.AspectJAutoProxyingConfiguration 
matched:
      - @ConditionalOnClass found required class 
'org.aspectj.weaver.Advice' (OnClassCondition)

   AopAutoConfiguration.AspectJAutoProxyingConfiguration.C
glibAutoProxyConfiguration matched:
      - @ConditionalOnBooleanProperty 
(spring.aop.proxy-target-class=true) matched 
(OnPropertyCondition)

   ApplicationAvailabilityAutoConfiguration#applicationAva
ilability matched:
      - @ConditionalOnMissingBean (types: org.springframew
ork.boot.availability.ApplicationAvailability; 
SearchStrategy: all) did not find any beans 
(OnBeanCondition)

   AvailabilityHealthContributorAutoConfiguration matched:
      - @ConditionalOnClass found required class 
'org.springframework.boot.health.contributor.Health' 
(OnClassCondition)

   AvailabilityProbesAutoConfiguration matched:
      - @ConditionalOnClass found required class 'org.spri
ngframework.boot.actuate.endpoint.annotation.Endpoint' 
(OnClassCondition)
      - @ConditionalOnBooleanProperty 
(management.endpoint.health.probes.enabled=true) matched 
(OnPropertyCondition)

   AvailabilityProbesAutoConfiguration#livenessStateHealth
Indicator matched:
      - @ConditionalOnMissingBean (names: 
livenessStateHealthIndicator; SearchStrategy: all) did 
not find any beans (OnBeanCondition)

   AvailabilityProbesAutoConfiguration#readinessStateHealt
hIndicator matched:
      - @ConditionalOnMissingBean (names: 
readinessStateHealthIndicator; SearchStrategy: all) did 
not find any beans (OnBeanCondition)

   CompositeMeterRegistryAutoConfiguration matched:
      - @ConditionalOnClass found required class 'io.micro
meter.core.instrument.composite.CompositeMeterRegistry' 
(OnClassCondition)

   DataJpaRepositoriesAutoConfiguration matched:
      - @ConditionalOnClass found required class 
'org.springframework.data.jpa.repository.JpaRepository' 
(OnClassCondition)
      - @ConditionalOnBooleanProperty 
(spring.data.jpa.repositories.enabled=true) matched 
(OnPropertyCondition)
      - @ConditionalOnBean (types: javax.sql.DataSource; 
SearchStrategy: all) found bean 'dataSource'; 
@ConditionalOnMissingBean (types: org.springframework.data
.jpa.repository.support.JpaRepositoryFactoryBean,org.sprin
gframework.data.jpa.repository.config.JpaRepositoryConfigE
xtension; SearchStrategy: all) did not find any beans 
(OnBeanCondition)

   DataRedisAutoConfiguration matched:
      - @ConditionalOnClass found required class 
'org.springframework.data.redis.core.RedisOperations' 
(OnClassCondition)

   DataRedisAutoConfiguration#redisConnectionDetails 
matched:
      - @ConditionalOnMissingBean (types: org.springframew
ork.boot.data.redis.autoconfigure.DataRedisConnectionDetai
ls; SearchStrategy: all) did not find any beans 
(OnBeanCondition)

   DataRedisAutoConfiguration#redisTemplate matched:
      - @ConditionalOnSingleCandidate (types: org.springfr
amework.data.redis.connection.RedisConnectionFactory; 
SearchStrategy: all) found a single bean 
'redisConnectionFactory'; @ConditionalOnMissingBean 
(names: redisTemplate; SearchStrategy: all) did not find 
any beans (OnBeanCondition)

   DataRedisAutoConfiguration#stringRedisTemplate matched:
      - @ConditionalOnSingleCandidate (types: org.springfr
amework.data.redis.connection.RedisConnectionFactory; 
SearchStrategy: all) found a single bean 
'redisConnectionFactory'; @ConditionalOnMissingBean 
(types: 
org.springframework.data.redis.core.StringRedisTemplate; 
SearchStrategy: all) did not find any beans 
(OnBeanCondition)

   DataRedisHealthContributorAutoConfiguration matched:
      - @ConditionalOnClass found required classes 'org.sp
ringframework.data.redis.connection.RedisConnectionFactory
', 'org.springframework.boot.health.contributor.HealthIndi
cator', 'org.springframework.boot.health.autoconfigure.con
tributor.ConditionalOnEnabledHealthIndicator' 
(OnClassCondition)
      - @ConditionalOnEnabledHealthIndicator 
management.health.defaults.enabled is considered true 
(OnEnabledHealthIndicatorCondition)
      - @ConditionalOnBean (types: org.springframework.dat
a.redis.connection.RedisConnectionFactory; 
SearchStrategy: all) found bean 'redisConnectionFactory' 
(OnBeanCondition)

   DataRedisReactiveAutoConfiguration matched:
      - @ConditionalOnClass found required classes 'org.sp
ringframework.data.redis.connection.ReactiveRedisConnectio
nFactory', 'org.springframework.data.redis.core.ReactiveRe
disTemplate', 'reactor.core.publisher.Flux' 
(OnClassCondition)

   
DataRedisReactiveAutoConfiguration#reactiveRedisTemplate 
matched:
      - @ConditionalOnBean (types: org.springframework.dat
a.redis.connection.ReactiveRedisConnectionFactory; 
SearchStrategy: all) found bean 'redisConnectionFactory'; 
@ConditionalOnMissingBean (names: reactiveRedisTemplate; 
SearchStrategy: all) did not find any beans 
(OnBeanCondition)

   DataRedisReactiveAutoConfiguration#reactiveStringRedisT
emplate matched:
      - @ConditionalOnBean (types: org.springframework.dat
a.redis.connection.ReactiveRedisConnectionFactory; 
SearchStrategy: all) found bean 'redisConnectionFactory'; 
@ConditionalOnMissingBean (names: 
reactiveStringRedisTemplate; SearchStrategy: all) did not 
find any beans (OnBeanCondition)

   DataRedisReactiveHealthContributorAutoConfiguration 
matched:
      - @ConditionalOnClass found required classes 'org.sp
ringframework.data.redis.connection.ReactiveRedisConnectio
nFactory', 'reactor.core.publisher.Flux', 'org.springframe
work.boot.health.contributor.ReactiveHealthIndicator', 'or
g.springframework.boot.health.autoconfigure.contributor.Co
nditionalOnEnabledHealthIndicator' (OnClassCondition)
      - @ConditionalOnEnabledHealthIndicator 
management.health.defaults.enabled is considered true 
(OnEnabledHealthIndicatorCondition)
      - @ConditionalOnBean (types: org.springframework.dat
a.redis.connection.ReactiveRedisConnectionFactory; 
SearchStrategy: all) found bean 'redisConnectionFactory' 
(OnBeanCondition)

   DataRedisReactiveHealthContributorAutoConfiguration#red
isHealthContributor matched:
      - @ConditionalOnMissingBean (names: 
redisHealthIndicator,redisHealthContributor; 
SearchStrategy: all) did not find any beans 
(OnBeanCondition)

   DataRedisRepositoriesAutoConfiguration matched:
      - @ConditionalOnClass found required class 'org.spri
ngframework.data.redis.repository.configuration.EnableRedi
sRepositories' (OnClassCondition)
      - @ConditionalOnBooleanProperty 
(spring.data.redis.repositories.enabled=true) matched 
(OnPropertyCondition)
      - @ConditionalOnBean (types: org.springframework.dat
a.redis.connection.RedisConnectionFactory; 
SearchStrategy: all) found bean 'redisConnectionFactory'; 
@ConditionalOnMissingBean (types: org.springframework.data
.redis.repository.support.RedisRepositoryFactoryBean; 
SearchStrategy: all) did not find any beans 
(OnBeanCondition)

   DataRepositoryMetricsAutoConfiguration matched:
      - @ConditionalOnClass found required class 
'org.springframework.data.repository.Repository' 
(OnClassCondition)
      - @ConditionalOnBean (types: 
io.micrometer.core.instrument.MeterRegistry; 
SearchStrategy: all) found bean 'prometheusMeterRegistry' 
(OnBeanCondition)

   DataRepositoryMetricsAutoConfiguration#metricsRepositor
yMethodInvocationListener matched:
      - @ConditionalOnMissingBean (types: org.springframew
ork.boot.data.metrics.MetricsRepositoryMethodInvocationLis
tener; SearchStrategy: all) did not find any beans 
(OnBeanCondition)

   DataRepositoryMetricsAutoConfiguration#repositoryTagsPr
ovider matched:
      - @ConditionalOnMissingBean (types: org.springframew
ork.boot.data.metrics.RepositoryTagsProvider; 
SearchStrategy: all) did not find any beans 
(OnBeanCondition)

   DataSourceAutoConfiguration matched:
      - @ConditionalOnClass found required classes 
'javax.sql.DataSource', 'org.springframework.jdbc.datasour
ce.embedded.EmbeddedDatabaseType' (OnClassCondition)
      - @ConditionalOnMissingBean (types: 
io.r2dbc.spi.ConnectionFactory; SearchStrategy: all) did 
not find any beans (OnBeanCondition)

   
DataSourceAutoConfiguration.PooledDataSourceConfiguration 
matched:
      - AnyNestedCondition 1 matched 1 did not; 
NestedCondition on DataSourceAutoConfiguration.PooledDataS
ourceCondition.PooledDataSourceAvailable PooledDataSource 
found supported DataSource; NestedCondition on DataSourceA
utoConfiguration.PooledDataSourceCondition.ExplicitType 
@ConditionalOnProperty (spring.datasource.type) did not 
find property 'spring.datasource.type' 
(DataSourceAutoConfiguration.PooledDataSourceCondition)
      - @ConditionalOnMissingBean (types: 
javax.sql.DataSource,javax.sql.XADataSource; 
SearchStrategy: all) did not find any beans 
(OnBeanCondition)

   DataSourceAutoConfiguration.PooledDataSourceConfigurati
on#jdbcConnectionDetails matched:
      - @ConditionalOnMissingBean (types: org.springframew
ork.boot.jdbc.autoconfigure.JdbcConnectionDetails; 
SearchStrategy: all) did not find any beans 
(OnBeanCondition)

   DataSourceConfiguration.Hikari matched:
      - @ConditionalOnClass found required class 
'com.zaxxer.hikari.HikariDataSource' (OnClassCondition)
      - @ConditionalOnProperty (spring.datasource.type=com
.zaxxer.hikari.HikariDataSource) matched 
(OnPropertyCondition)
      - @ConditionalOnMissingBean (types: 
javax.sql.DataSource; SearchStrategy: all) did not find 
any beans (OnBeanCondition)

   DataSourceHealthContributorAutoConfiguration matched:
      - @ConditionalOnClass found required classes 
'org.springframework.jdbc.core.JdbcTemplate', 'org.springf
ramework.jdbc.datasource.lookup.AbstractRoutingDataSource'
, 'org.springframework.boot.health.autoconfigure.contribut
or.ConditionalOnEnabledHealthIndicator' (OnClassCondition)
      - @ConditionalOnEnabledHealthIndicator 
management.health.defaults.enabled is considered true 
(OnEnabledHealthIndicatorCondition)
      - @ConditionalOnBean (types: javax.sql.DataSource; 
SearchStrategy: all) found bean 'dataSource' 
(OnBeanCondition)

   DataSourceHealthContributorAutoConfiguration#dbHealthCo
ntributor matched:
      - @ConditionalOnMissingBean (names: 
dbHealthIndicator,dbHealthContributor; SearchStrategy: 
all) did not find any beans (OnBeanCondition)

   DataSourceInitializationAutoConfiguration matched:
      - @ConditionalOnClass found required class 'org.spri
ngframework.jdbc.datasource.init.DatabasePopulator' 
(OnClassCondition)
      - SQL InitializationDatabase Initialization default 
value is EMBEDDED (OnSqlInitializationCondition)
      - @ConditionalOnSingleCandidate (types: 
javax.sql.DataSource; SearchStrategy: all) found a single 
bean 'dataSource'; @ConditionalOnMissingBean (types: org.s
pringframework.boot.sql.autoconfigure.init.ApplicationScri
ptDatabaseInitializer; SearchStrategy: all) did not find 
any beans (OnBeanCondition)

   DataSourcePoolMetadataProvidersConfiguration.HikariPool
DataSourceMetadataProviderConfiguration matched:
      - @ConditionalOnClass found required class 
'com.zaxxer.hikari.HikariDataSource' (OnClassCondition)

   DataSourcePoolMetricsAutoConfiguration matched:
      - @ConditionalOnClass found required classes 
'javax.sql.DataSource', 
'io.micrometer.core.instrument.MeterRegistry' 
(OnClassCondition)
      - @ConditionalOnBean (types: javax.sql.DataSource,io
.micrometer.core.instrument.MeterRegistry; 
SearchStrategy: all) found beans 
'prometheusMeterRegistry', 'dataSource' (OnBeanCondition)

   DataSourcePoolMetricsAutoConfiguration.DataSourcePoolMe
tadataMetricsConfiguration matched:
      - @ConditionalOnBean (types: org.springframework.boo
t.jdbc.metadata.DataSourcePoolMetadataProvider; 
SearchStrategy: all) found bean 
'hikariPoolDataSourceMetadataProvider' (OnBeanCondition)

   DataSourcePoolMetricsAutoConfiguration.HikariDataSource
MetricsConfiguration matched:
      - @ConditionalOnClass found required class 
'com.zaxxer.hikari.HikariDataSource' (OnClassCondition)

   DataSourceTransactionManagerAutoConfiguration matched:
      - @ConditionalOnClass found required classes 
'javax.sql.DataSource', 
'org.springframework.jdbc.core.JdbcTemplate', 
'org.springframework.transaction.TransactionManager' 
(OnClassCondition)

   DataSourceTransactionManagerAutoConfiguration.JdbcTrans
actionManagerConfiguration matched:
      - @ConditionalOnSingleCandidate (types: 
javax.sql.DataSource; SearchStrategy: all) found a single 
bean 'dataSource' (OnBeanCondition)

   DataWebAutoConfiguration matched:
      - @ConditionalOnClass found required classes 'org.sp
ringframework.data.web.PageableHandlerMethodArgumentResolv
er', 'org.springframework.web.servlet.config.annotation.We
bMvcConfigurer' (OnClassCondition)
      - found 'session' scope (OnWebApplicationCondition)
      - @ConditionalOnMissingBean (types: org.springframew
ork.data.web.PageableHandlerMethodArgumentResolver; 
SearchStrategy: all) did not find any beans 
(OnBeanCondition)

   DataWebAutoConfiguration#pageableCustomizer matched:
      - @ConditionalOnMissingBean (types: org.springframew
ork.data.web.config.PageableHandlerMethodArgumentResolverC
ustomizer; SearchStrategy: all) did not find any beans 
(OnBeanCondition)

   DataWebAutoConfiguration#sortCustomizer matched:
      - @ConditionalOnMissingBean (types: org.springframew
ork.data.web.config.SortHandlerMethodArgumentResolverCusto
mizer; SearchStrategy: all) did not find any beans 
(OnBeanCondition)

   DataWebAutoConfiguration#springDataWebSettings matched:
      - @ConditionalOnMissingBean (types: org.springframew
ork.data.web.config.SpringDataWebSettings; 
SearchStrategy: all) did not find any beans 
(OnBeanCondition)

   DiskSpaceHealthContributorAutoConfiguration matched:
      - @ConditionalOnClass found required class 
'org.springframework.boot.health.contributor.Health' 
(OnClassCondition)
      - @ConditionalOnEnabledHealthIndicator 
management.health.defaults.enabled is considered true 
(OnEnabledHealthIndicatorCondition)

   DiskSpaceHealthContributorAutoConfiguration#diskSpaceHe
althIndicator matched:
      - @ConditionalOnMissingBean (names: 
diskSpaceHealthIndicator; SearchStrategy: all) did not 
find any beans (OnBeanCondition)

   DispatcherServletAutoConfiguration matched:
      - @ConditionalOnClass found required class 
'org.springframework.web.servlet.DispatcherServlet' 
(OnClassCondition)
      - found 'session' scope (OnWebApplicationCondition)

   DispatcherServletAutoConfiguration.DispatcherServletCon
figuration matched:
      - @ConditionalOnClass found required class 
'jakarta.servlet.ServletRegistration' (OnClassCondition)
      - Default DispatcherServlet did not find dispatcher 
servlet beans (DispatcherServletAutoConfiguration.DefaultD
ispatcherServletCondition)

   DispatcherServletAutoConfiguration.DispatcherServletReg
istrationConfiguration matched:
      - @ConditionalOnClass found required class 
'jakarta.servlet.ServletRegistration' (OnClassCondition)
      - DispatcherServlet Registration did not find 
servlet registration bean (DispatcherServletAutoConfigurat
ion.DispatcherServletRegistrationCondition)

   DispatcherServletAutoConfiguration.DispatcherServletReg
istrationConfiguration#dispatcherServletRegistration 
matched:
      - @ConditionalOnBean (names: dispatcherServlet 
types: org.springframework.web.servlet.DispatcherServlet; 
SearchStrategy: all) found bean 'dispatcherServlet' 
(OnBeanCondition)

   EndpointAutoConfiguration#endpointCachingOperationInvok
erAdvisor matched:
      - @ConditionalOnMissingBean (types: org.springframew
ork.boot.actuate.endpoint.invoker.cache.CachingOperationIn
vokerAdvisor; SearchStrategy: all) did not find any beans 
(OnBeanCondition)

   EndpointAutoConfiguration#endpointOperationParameterMap
per matched:
      - @ConditionalOnMissingBean (types: org.springframew
ork.boot.actuate.endpoint.invoke.ParameterValueMapper; 
SearchStrategy: all) did not find any beans 
(OnBeanCondition)

   EndpointAutoConfiguration#propertiesEndpointAccessResol
ver matched:
      - @ConditionalOnMissingBean (types: org.springframew
ork.boot.actuate.endpoint.EndpointAccessResolver; 
SearchStrategy: all) did not find any beans 
(OnBeanCondition)

   ErrorMvcAutoConfiguration matched:
      - @ConditionalOnClass found required classes 
'jakarta.servlet.Servlet', 
'org.springframework.web.servlet.DispatcherServlet' 
(OnClassCondition)
      - found 'session' scope (OnWebApplicationCondition)

   ErrorMvcAutoConfiguration#basicErrorController matched:
      - @ConditionalOnMissingBean (types: 
org.springframework.boot.webmvc.error.ErrorController; 
SearchStrategy: current) did not find any beans 
(OnBeanCondition)

   ErrorMvcAutoConfiguration#errorAttributes matched:
      - @ConditionalOnMissingBean (types: 
org.springframework.boot.webmvc.error.ErrorAttributes; 
SearchStrategy: current) did not find any beans 
(OnBeanCondition)

   ErrorMvcAutoConfiguration.DefaultErrorViewResolverConfi
guration#conventionErrorViewResolver matched:
      - @ConditionalOnBean (types: 
org.springframework.web.servlet.DispatcherServlet; 
SearchStrategy: all) found bean 'dispatcherServlet'; 
@ConditionalOnMissingBean (types: org.springframework.boot
.webmvc.autoconfigure.error.ErrorViewResolver; 
SearchStrategy: all) did not find any beans 
(OnBeanCondition)

   ErrorMvcAutoConfiguration.WhitelabelErrorViewConfigurat
ion matched:
      - @ConditionalOnBooleanProperty 
(spring.web.error.whitelabel.enabled=true) matched 
(OnPropertyCondition)
      - ErrorTemplate Missing did not find error template 
view 
(ErrorMvcAutoConfiguration.ErrorTemplateMissingCondition)

   ErrorMvcAutoConfiguration.WhitelabelErrorViewConfigurat
ion#beanNameViewResolver matched:
      - @ConditionalOnMissingBean (types: org.springframew
ork.web.servlet.view.BeanNameViewResolver; 
SearchStrategy: all) did not find any beans 
(OnBeanCondition)

   ErrorMvcAutoConfiguration.WhitelabelErrorViewConfigurat
ion#defaultErrorView matched:
      - @ConditionalOnMissingBean (names: error; 
SearchStrategy: all) did not find any beans 
(OnBeanCondition)

   
HealthContributorAutoConfiguration#pingHealthContributor 
matched:
      - @ConditionalOnEnabledHealthIndicator 
management.health.defaults.enabled is considered true 
(OnEnabledHealthIndicatorCondition)

   HealthContributorRegistryAutoConfiguration#healthContri
butorRegistry matched:
      - @ConditionalOnMissingBean (types: org.springframew
ork.boot.health.registry.HealthContributorRegistry; 
SearchStrategy: all) did not find any beans 
(OnBeanCondition)

   HealthContributorRegistryAutoConfiguration.ReactiveHeal
thContributorRegistryConfiguration matched:
      - @ConditionalOnClass found required class 
'reactor.core.publisher.Flux' (OnClassCondition)

   HealthContributorRegistryAutoConfiguration.ReactiveHeal
thContributorRegistryConfiguration#reactiveHealthContribut
orRegistry matched:
      - @ConditionalOnMissingBean (types: org.springframew
ork.boot.health.registry.ReactiveHealthContributorRegistry
; SearchStrategy: all) did not find any beans 
(OnBeanCondition)

   HealthEndpointAutoConfiguration matched:
      - @ConditionalOnClass found required class 'org.spri
ngframework.boot.actuate.endpoint.annotation.Endpoint' 
(OnClassCondition)
      - @ConditionalOnAvailableEndpoint marked as exposed 
by a 'management.endpoints.web.exposure' property 
(OnAvailableEndpointCondition)
      - @ConditionalOnBean (types: org.springframework.boo
t.health.registry.HealthContributorRegistry; 
SearchStrategy: all) found bean 
'healthContributorRegistry' (OnBeanCondition)

   HealthEndpointConfiguration#healthEndpoint matched:
      - @ConditionalOnMissingBean (types: org.springframew
ork.boot.health.actuate.endpoint.HealthEndpoint; 
SearchStrategy: all) did not find any beans 
(OnBeanCondition)

   HealthEndpointConfiguration#healthEndpointGroupMembersh
ipValidator matched:
      - @ConditionalOnBooleanProperty (management.endpoint
.health.validate-group-membership=true) matched 
(OnPropertyCondition)

   HealthEndpointConfiguration#healthEndpointGroups 
matched:
      - @ConditionalOnMissingBean (types: org.springframew
ork.boot.health.actuate.endpoint.HealthEndpointGroups; 
SearchStrategy: all) did not find any beans 
(OnBeanCondition)

   HealthEndpointConfiguration#healthHttpCodeStatusMapper 
matched:
      - @ConditionalOnMissingBean (types: org.springframew
ork.boot.health.actuate.endpoint.HttpCodeStatusMapper; 
SearchStrategy: all) did not find any beans 
(OnBeanCondition)

   HealthEndpointConfiguration#healthStatusAggregator 
matched:
      - @ConditionalOnMissingBean (types: org.springframew
ork.boot.health.actuate.endpoint.StatusAggregator; 
SearchStrategy: all) did not find any beans 
(OnBeanCondition)

   HealthEndpointWebExtensionConfiguration matched:
      - found 'session' scope (OnWebApplicationCondition)
      - @ConditionalOnAvailableEndpoint marked as exposed 
by a 'management.endpoints.web.exposure' property 
(OnAvailableEndpointCondition)
      - @ConditionalOnBean (types: org.springframework.boo
t.health.actuate.endpoint.HealthEndpoint; SearchStrategy: 
all) found bean 'healthEndpoint' (OnBeanCondition)

   HealthEndpointWebExtensionConfiguration#healthEndpointW
ebExtension matched:
      - @ConditionalOnMissingBean (types: org.springframew
ork.boot.health.actuate.endpoint.HealthEndpointWebExtensio
n; SearchStrategy: all) did not find any beans 
(OnBeanCondition)

   HibernateJpaAutoConfiguration matched:
      - @ConditionalOnClass found required classes 'org.sp
ringframework.orm.jpa.LocalContainerEntityManagerFactoryBe
an', 'jakarta.persistence.EntityManager', 
'org.hibernate.engine.spi.SessionImplementor' 
(OnClassCondition)

   HibernateJpaConfiguration matched:
      - @ConditionalOnSingleCandidate (types: 
javax.sql.DataSource; SearchStrategy: all) found a single 
bean 'dataSource' (OnBeanCondition)

   HttpEncodingAutoConfiguration matched:
      - @ConditionalOnClass found required class 
'org.springframework.web.filter.CharacterEncodingFilter' 
(OnClassCondition)
      - found 'session' scope (OnWebApplicationCondition)
      - @ConditionalOnBooleanProperty 
(spring.servlet.encoding.enabled=true) matched 
(OnPropertyCondition)

   HttpEncodingAutoConfiguration#characterEncodingFilter 
matched:
      - @ConditionalOnMissingBean (types: 
org.springframework.web.filter.CharacterEncodingFilter; 
SearchStrategy: all) did not find any beans 
(OnBeanCondition)

   HttpMessageConvertersAutoConfiguration matched:
      - @ConditionalOnClass found required class 
'org.springframework.http.converter.HttpMessageConverter' 
(OnClassCondition)
      - NoneNestedConditions 0 matched 1 did not; 
NestedCondition on HttpMessageConvertersAutoConfiguration.
NotReactiveWebApplicationCondition.ReactiveWebApplication 
did not find reactive web application classes (HttpMessage
ConvertersAutoConfiguration.NotReactiveWebApplicationCondi
tion)

   HttpMessageConvertersAutoConfiguration.StringHttpMessag
eConverterConfiguration#stringHttpMessageConvertersCustomi
zer matched:
      - @ConditionalOnMissingBean (types: org.springframew
ork.http.converter.StringHttpMessageConverter; 
SearchStrategy: all) did not find any beans 
(OnBeanCondition)

   InfoEndpointAutoConfiguration matched:
      - @ConditionalOnAvailableEndpoint marked as exposed 
by a 'management.endpoints.web.exposure' property 
(OnAvailableEndpointCondition)

   InfoEndpointAutoConfiguration#infoEndpoint matched:
      - @ConditionalOnMissingBean (types: 
org.springframework.boot.actuate.info.InfoEndpoint; 
SearchStrategy: all) did not find any beans 
(OnBeanCondition)

   Jackson2EndpointAutoConfiguration matched:
      - @ConditionalOnClass found required classes 
'com.fasterxml.jackson.databind.ObjectMapper', 'org.spring
framework.http.converter.json.Jackson2ObjectMapperBuilder'
 (OnClassCondition)

   Jackson2EndpointAutoConfiguration#jackson2EndpointJsonM
apper matched:
      - @ConditionalOnBooleanProperty (management.endpoint
s.jackson2.isolated-object-mapper=true) matched 
(OnPropertyCondition)

   JacksonAutoConfiguration matched:
      - @ConditionalOnClass found required class 
'tools.jackson.databind.json.JsonMapper' 
(OnClassCondition)

   JacksonAutoConfiguration#jacksonJsonMapper matched:
      - @ConditionalOnMissingBean (types: 
tools.jackson.databind.json.JsonMapper; SearchStrategy: 
all) did not find any beans (OnBeanCondition)

   JacksonAutoConfiguration#jsonMapperBuilder matched:
      - @ConditionalOnMissingBean (types: 
tools.jackson.databind.json.JsonMapper$Builder; 
SearchStrategy: all) did not find any beans 
(OnBeanCondition)

   
JacksonAutoConfiguration.JsonProblemDetailsConfiguration 
matched:
      - @ConditionalOnClass found required class 
'org.springframework.http.ProblemDetail' 
(OnClassCondition)

   JacksonEndpointAutoConfiguration matched:
      - @ConditionalOnClass found required class 
'tools.jackson.databind.json.JsonMapper' 
(OnClassCondition)

   JacksonEndpointAutoConfiguration#endpointJsonMapper 
matched:
      - @ConditionalOnBooleanProperty 
(management.endpoints.jackson.isolated-json-mapper=true) 
matched (OnPropertyCondition)

   JacksonHttpMessageConvertersConfiguration.JacksonJsonHt
tpMessageConverterConfiguration matched:
      - @ConditionalOnClass found required class 
'tools.jackson.databind.json.JsonMapper' 
(OnClassCondition)
      - @ConditionalOnProperty 
(spring.http.converters.preferred-json-mapper=jackson) 
matched (OnPropertyCondition)
      - @ConditionalOnBean (types: 
tools.jackson.databind.json.JsonMapper; SearchStrategy: 
all) found bean 'jacksonJsonMapper' (OnBeanCondition)

   JacksonHttpMessageConvertersConfiguration.JacksonJsonHt
tpMessageConverterConfiguration#jacksonJsonHttpMessageConv
ertersCustomizer matched:
      - @ConditionalOnMissingBean (types: org.springframew
ork.http.converter.json.JacksonJsonHttpMessageConverter 
ignored: org.springframework.hateoas.server.mvc.TypeConstr
ainedJacksonJsonHttpMessageConverter,org.springframework.d
ata.rest.webmvc.alps.AlpsJacksonJsonHttpMessageConverter; 
SearchStrategy: all) did not find any beans 
(OnBeanCondition)

   JdbcClientAutoConfiguration matched:
      - @ConditionalOnSingleCandidate (types: org.springfr
amework.jdbc.core.namedparam.NamedParameterJdbcTemplate; 
SearchStrategy: all) found a single bean 
'namedParameterJdbcTemplate'; @ConditionalOnMissingBean 
(types: org.springframework.jdbc.core.simple.JdbcClient; 
SearchStrategy: all) did not find any beans 
(OnBeanCondition)

   JdbcTemplateAutoConfiguration matched:
      - @ConditionalOnClass found required classes 
'javax.sql.DataSource', 
'org.springframework.jdbc.core.JdbcTemplate' 
(OnClassCondition)
      - @ConditionalOnSingleCandidate (types: 
javax.sql.DataSource; SearchStrategy: all) found a single 
bean 'dataSource' (OnBeanCondition)

   JdbcTemplateConfiguration matched:
      - @ConditionalOnMissingBean (types: 
org.springframework.jdbc.core.JdbcOperations; 
SearchStrategy: all) did not find any beans 
(OnBeanCondition)

   JpaBaseConfiguration#entityManagerFactory matched:
      - @ConditionalOnMissingBean (types: org.springframew
ork.orm.jpa.LocalContainerEntityManagerFactoryBean,jakarta
.persistence.EntityManagerFactory; SearchStrategy: all) 
did not find any beans (OnBeanCondition)

   JpaBaseConfiguration#entityManagerFactoryBuilder 
matched:
      - @ConditionalOnMissingBean (types: 
org.springframework.boot.jpa.EntityManagerFactoryBuilder; 
SearchStrategy: all) did not find any beans 
(OnBeanCondition)

   JpaBaseConfiguration#jpaVendorAdapter matched:
      - @ConditionalOnMissingBean (types: 
org.springframework.orm.jpa.JpaVendorAdapter; 
SearchStrategy: all) did not find any beans 
(OnBeanCondition)

   JpaBaseConfiguration#transactionManager matched:
      - @ConditionalOnMissingBean (types: 
org.springframework.transaction.TransactionManager; 
SearchStrategy: all) did not find any beans 
(OnBeanCondition)

   
JpaBaseConfiguration.PersistenceManagedTypesConfiguration 
matched:
      - @ConditionalOnMissingBean (types: org.springframew
ork.orm.jpa.LocalContainerEntityManagerFactoryBean,jakarta
.persistence.EntityManagerFactory; SearchStrategy: all) 
did not find any beans (OnBeanCondition)

   JpaBaseConfiguration.PersistenceManagedTypesConfigurati
on#persistenceManagedTypes matched:
      - @ConditionalOnMissingBean (types: org.springframew
ork.orm.jpa.persistenceunit.PersistenceManagedTypes; 
SearchStrategy: all) did not find any beans 
(OnBeanCondition)

   JtaAutoConfiguration matched:
      - @ConditionalOnClass found required class 
'jakarta.transaction.Transaction' (OnClassCondition)
      - @ConditionalOnBooleanProperty 
(spring.jta.enabled=true) matched (OnPropertyCondition)

   JvmMetricsAutoConfiguration matched:
      - @ConditionalOnClass found required class 
'io.micrometer.core.instrument.MeterRegistry' 
(OnClassCondition)
      - @ConditionalOnBean (types: 
io.micrometer.core.instrument.MeterRegistry; 
SearchStrategy: all) found bean 'prometheusMeterRegistry' 
(OnBeanCondition)

   JvmMetricsAutoConfiguration#classLoaderMetrics matched:
      - @ConditionalOnMissingBean (types: io.micrometer.co
re.instrument.binder.jvm.ClassLoaderMetrics; 
SearchStrategy: all) did not find any beans 
(OnBeanCondition)

   JvmMetricsAutoConfiguration#jvmCompilationMetrics 
matched:
      - @ConditionalOnMissingBean (types: io.micrometer.co
re.instrument.binder.jvm.JvmCompilationMetrics; 
SearchStrategy: all) did not find any beans 
(OnBeanCondition)

   JvmMetricsAutoConfiguration#jvmGcMetrics matched:
      - @ConditionalOnMissingBean (types: 
io.micrometer.core.instrument.binder.jvm.JvmGcMetrics; 
SearchStrategy: all) did not find any beans 
(OnBeanCondition)

   JvmMetricsAutoConfiguration#jvmHeapPressureMetrics 
matched:
      - @ConditionalOnMissingBean (types: io.micrometer.co
re.instrument.binder.jvm.JvmHeapPressureMetrics; 
SearchStrategy: all) did not find any beans 
(OnBeanCondition)

   JvmMetricsAutoConfiguration#jvmInfoMetrics matched:
      - @ConditionalOnMissingBean (types: 
io.micrometer.core.instrument.binder.jvm.JvmInfoMetrics; 
SearchStrategy: all) did not find any beans 
(OnBeanCondition)

   JvmMetricsAutoConfiguration#jvmMemoryMetrics matched:
      - @ConditionalOnMissingBean (types: io.micrometer.co
re.instrument.binder.jvm.JvmMemoryMetrics; 
SearchStrategy: all) did not find any beans 
(OnBeanCondition)

   JvmMetricsAutoConfiguration#jvmThreadMetrics matched:
      - @ConditionalOnMissingBean (types: io.micrometer.co
re.instrument.binder.jvm.JvmThreadMetrics; 
SearchStrategy: all) did not find any beans 
(OnBeanCondition)

   KafkaAnnotationDrivenConfiguration matched:
      - @ConditionalOnClass found required class 
'org.springframework.kafka.annotation.EnableKafka' 
(OnClassCondition)

   KafkaAnnotationDrivenConfiguration#kafkaListenerContain
erFactory matched:
      - @ConditionalOnMissingBean (names: 
kafkaListenerContainerFactory; SearchStrategy: all) did 
not find any beans (OnBeanCondition)

   KafkaAnnotationDrivenConfiguration#kafkaListenerContain
erFactoryConfigurer matched:
      - @ConditionalOnMissingBean (types: org.springframew
ork.boot.kafka.autoconfigure.ConcurrentKafkaListenerContai
nerFactoryConfigurer; SearchStrategy: all) did not find 
any beans (OnBeanCondition)
      - @ConditionalOnThreading found PLATFORM 
(OnThreadingCondition)

   KafkaAnnotationDrivenConfiguration.EnableKafkaConfigura
tion matched:
      - @ConditionalOnMissingBean (names: org.springframew
ork.kafka.config.internalKafkaListenerAnnotationProcessor;
 SearchStrategy: all) did not find any beans 
(OnBeanCondition)

   KafkaAutoConfiguration matched:
      - @ConditionalOnClass found required class 
'org.springframework.kafka.core.KafkaTemplate' 
(OnClassCondition)

   KafkaAutoConfiguration#kafkaAdmin matched:
      - @ConditionalOnMissingBean (types: 
org.springframework.kafka.core.KafkaAdmin; 
SearchStrategy: all) did not find any beans 
(OnBeanCondition)

   KafkaAutoConfiguration#kafkaConnectionDetails matched:
      - @ConditionalOnMissingBean (types: org.springframew
ork.boot.kafka.autoconfigure.KafkaConnectionDetails; 
SearchStrategy: all) did not find any beans 
(OnBeanCondition)

   KafkaAutoConfiguration#kafkaConsumerFactory matched:
      - @ConditionalOnMissingBean (types: 
org.springframework.kafka.core.ConsumerFactory; 
SearchStrategy: all) did not find any beans 
(OnBeanCondition)

   KafkaAutoConfiguration#kafkaProducerFactory matched:
      - @ConditionalOnMissingBean (types: 
org.springframework.kafka.core.ProducerFactory; 
SearchStrategy: all) did not find any beans 
(OnBeanCondition)

   KafkaAutoConfiguration#kafkaProducerListener matched:
      - @ConditionalOnMissingBean (types: 
org.springframework.kafka.support.ProducerListener; 
SearchStrategy: all) did not find any beans 
(OnBeanCondition)

   KafkaAutoConfiguration#kafkaTemplate matched:
      - @ConditionalOnMissingBean (types: 
org.springframework.kafka.core.KafkaTemplate; 
SearchStrategy: all) did not find any beans 
(OnBeanCondition)

   KafkaMetricsAutoConfiguration matched:
      - @ConditionalOnClass found required classes 'io.mic
rometer.core.instrument.binder.kafka.KafkaClientMetrics', 
'org.springframework.kafka.core.ProducerFactory', 
'io.micrometer.core.instrument.MeterRegistry' 
(OnClassCondition)
      - @ConditionalOnBean (types: 
io.micrometer.core.instrument.MeterRegistry; 
SearchStrategy: all) found bean 'prometheusMeterRegistry' 
(OnBeanCondition)

   KafkaMetricsAutoConfiguration.KafkaStreamsMetricsConfig
uration matched:
      - @ConditionalOnClass found required classes 'io.mic
rometer.core.instrument.binder.kafka.KafkaStreamsMetrics',
 'org.springframework.kafka.config.StreamsBuilderFactoryBe
an' (OnClassCondition)

   LettuceConnectionConfiguration matched:
      - @ConditionalOnClass found required class 
'io.lettuce.core.RedisClient' (OnClassCondition)
      - @ConditionalOnProperty 
(spring.data.redis.client-type=lettuce) matched 
(OnPropertyCondition)

   LettuceConnectionConfiguration#lettuceClientResources 
matched:
      - @ConditionalOnMissingBean (types: 
io.lettuce.core.resource.ClientResources; SearchStrategy: 
all) did not find any beans (OnBeanCondition)

   LettuceConnectionConfiguration#redisConnectionFactory 
matched:
      - @ConditionalOnMissingBean (types: org.springframew
ork.data.redis.connection.RedisConnectionFactory; 
SearchStrategy: all) did not find any beans 
(OnBeanCondition)
      - @ConditionalOnThreading found PLATFORM 
(OnThreadingCondition)

   LettuceObservationAutoConfiguration matched:
      - @ConditionalOnClass found required classes 
'io.lettuce.core.RedisClient', 
'io.lettuce.core.tracing.MicrometerTracing', 
'io.micrometer.observation.ObservationRegistry' 
(OnClassCondition)
      - @ConditionalOnBean (types: 
io.micrometer.observation.ObservationRegistry; 
SearchStrategy: all) found bean 'observationRegistry' 
(OnBeanCondition)

   LifecycleAutoConfiguration#defaultLifecycleProcessor 
matched:
      - @ConditionalOnMissingBean (names: 
lifecycleProcessor; SearchStrategy: current) did not find 
any beans (OnBeanCondition)

   LogbackMetricsAutoConfiguration matched:
      - @ConditionalOnClass found required classes 
'io.micrometer.core.instrument.MeterRegistry', 
'ch.qos.logback.classic.LoggerContext', 
'org.slf4j.LoggerFactory' (OnClassCondition)
      - LogbackLoggingCondition ILoggerFactory is a 
Logback LoggerContext 
(LogbackMetricsAutoConfiguration.LogbackLoggingCondition)
      - @ConditionalOnBean (types: 
io.micrometer.core.instrument.MeterRegistry; 
SearchStrategy: all) found bean 'prometheusMeterRegistry' 
(OnBeanCondition)

   LogbackMetricsAutoConfiguration#logbackMetrics matched:
      - @ConditionalOnMissingBean (types: io.micrometer.co
re.instrument.binder.logging.LogbackMetrics; 
SearchStrategy: all) did not find any beans 
(OnBeanCondition)

   ManagementContextAutoConfiguration.SameManagementContex
tConfiguration matched:
      - Management Port actual port type (SAME) matched 
required type (OnManagementPortCondition)

   MetricsAutoConfiguration matched:
      - @ConditionalOnClass found required class 
'io.micrometer.core.annotation.Timed' (OnClassCondition)

   MetricsAutoConfiguration#micrometerClock matched:
      - @ConditionalOnMissingBean (types: 
io.micrometer.core.instrument.Clock; SearchStrategy: all) 
did not find any beans (OnBeanCondition)

   MetricsEndpointAutoConfiguration matched:
      - @ConditionalOnClass found required classes 'org.sp
ringframework.boot.actuate.autoconfigure.endpoint.conditio
n.ConditionalOnAvailableEndpoint', 
'io.micrometer.core.annotation.Timed' (OnClassCondition)
      - @ConditionalOnAvailableEndpoint marked as exposed 
by a 'management.endpoints.web.exposure' property 
(OnAvailableEndpointCondition)

   MetricsEndpointAutoConfiguration#metricsEndpoint 
matched:
      - @ConditionalOnBean (types: 
io.micrometer.core.instrument.MeterRegistry; 
SearchStrategy: all) found bean 
'prometheusMeterRegistry'; @ConditionalOnMissingBean 
(types: org.springframework.boot.micrometer.metrics.actuat
e.endpoint.MetricsEndpoint; SearchStrategy: all) did not 
find any beans (OnBeanCondition)

   MultipartAutoConfiguration matched:
      - @ConditionalOnClass found required classes 
'jakarta.servlet.Servlet', 'org.springframework.web.multip
art.support.StandardServletMultipartResolver', 
'jakarta.servlet.MultipartConfigElement' 
(OnClassCondition)
      - found 'session' scope (OnWebApplicationCondition)
      - @ConditionalOnBooleanProperty 
(spring.servlet.multipart.enabled=true) matched 
(OnPropertyCondition)

   MultipartAutoConfiguration#multipartConfigElement 
matched:
      - @ConditionalOnMissingBean (types: 
jakarta.servlet.MultipartConfigElement; SearchStrategy: 
all) did not find any beans (OnBeanCondition)

   MultipartAutoConfiguration#multipartResolver matched:
      - @ConditionalOnMissingBean (types: 
org.springframework.web.multipart.MultipartResolver; 
SearchStrategy: all) did not find any beans 
(OnBeanCondition)

   NamedParameterJdbcTemplateConfiguration matched:
      - @ConditionalOnSingleCandidate (types: 
org.springframework.jdbc.core.JdbcTemplate; 
SearchStrategy: all) found a single bean 'jdbcTemplate'; 
@ConditionalOnMissingBean (types: org.springframework.jdbc
.core.namedparam.NamedParameterJdbcOperations; 
SearchStrategy: all) did not find any beans 
(OnBeanCondition)

   NettyAutoConfiguration matched:
      - @ConditionalOnClass found required class 
'io.netty.util.NettyRuntime' (OnClassCondition)

   ObservationAutoConfiguration matched:
      - @ConditionalOnClass found required class 
'io.micrometer.observation.ObservationRegistry' 
(OnClassCondition)

   ObservationAutoConfiguration#observationRegistry 
matched:
      - @ConditionalOnMissingBean (types: 
io.micrometer.observation.ObservationRegistry; 
SearchStrategy: all) did not find any beans 
(OnBeanCondition)

   
ObservationAutoConfiguration#spelValueExpressionResolver 
matched:
      - @ConditionalOnMissingBean (types: 
io.micrometer.common.annotation.ValueExpressionResolver; 
SearchStrategy: all) did not find any beans 
(OnBeanCondition)

   PersistenceExceptionTranslationAutoConfiguration 
matched:
      - @ConditionalOnClass found required class 'org.spri
ngframework.dao.annotation.PersistenceExceptionTranslation
PostProcessor' (OnClassCondition)

   PersistenceExceptionTranslationAutoConfiguration#persis
tenceExceptionTranslationPostProcessor matched:
      - @ConditionalOnBooleanProperty 
(spring.persistence.exceptiontranslation.enabled=true) 
matched (OnPropertyCondition)
      - @ConditionalOnMissingBean (types: org.springframew
ork.dao.annotation.PersistenceExceptionTranslationPostProc
essor; SearchStrategy: all) did not find any beans 
(OnBeanCondition)

   PrometheusMetricsExportAutoConfiguration matched:
      - @ConditionalOnClass found required class 
'io.micrometer.prometheusmetrics.PrometheusMeterRegistry' 
(OnClassCondition)
      - @ConditionalOnEnabledMetricsExport 
management.defaults.metrics.export.enabled is considered 
true (OnMetricsExportEnabledCondition)
      - @ConditionalOnBean (types: 
io.micrometer.core.instrument.Clock; SearchStrategy: all) 
found bean 'micrometerClock' (OnBeanCondition)

   
PrometheusMetricsExportAutoConfiguration#prometheusConfig 
matched:
      - @ConditionalOnMissingBean (types: 
io.micrometer.prometheusmetrics.PrometheusConfig; 
SearchStrategy: all) did not find any beans 
(OnBeanCondition)

   PrometheusMetricsExportAutoConfiguration#prometheusMete
rRegistry matched:
      - @ConditionalOnMissingBean (types: 
io.micrometer.prometheusmetrics.PrometheusMeterRegistry; 
SearchStrategy: all) did not find any beans 
(OnBeanCondition)

   PrometheusMetricsExportAutoConfiguration#prometheusRegi
stry matched:
      - @ConditionalOnMissingBean (types: 
io.prometheus.metrics.model.registry.PrometheusRegistry; 
SearchStrategy: all) did not find any beans 
(OnBeanCondition)

   PrometheusMetricsExportAutoConfiguration.PrometheusScra
peEndpointConfiguration matched:
      - @ConditionalOnClass found required classes 'org.sp
ringframework.boot.micrometer.metrics.autoconfigure.export
.prometheus.PrometheusScrapeEndpoint', 'org.springframewor
k.boot.actuate.autoconfigure.endpoint.condition.Conditiona
lOnAvailableEndpoint' (OnClassCondition)
      - @ConditionalOnAvailableEndpoint marked as exposed 
by a 'management.endpoints.web.exposure' property 
(OnAvailableEndpointCondition)

   PrometheusMetricsExportAutoConfiguration.PrometheusScra
peEndpointConfiguration#prometheusEndpoint matched:
      - @ConditionalOnMissingBean (types: org.springframew
ork.boot.micrometer.metrics.autoconfigure.export.prometheu
s.PrometheusScrapeEndpoint; SearchStrategy: all) did not 
find any beans (OnBeanCondition)

   PropertyPlaceholderAutoConfiguration#propertySourcesPla
ceholderConfigurer matched:
      - @ConditionalOnMissingBean (types: org.springframew
ork.context.support.PropertySourcesPlaceholderConfigurer; 
SearchStrategy: current) did not find any beans 
(OnBeanCondition)

   ScheduledTasksObservationAutoConfiguration matched:
      - @ConditionalOnClass found required class 'org.spri
ngframework.scheduling.concurrent.ThreadPoolTaskScheduler'
 (OnClassCondition)
      - @ConditionalOnBean (types: 
io.micrometer.observation.ObservationRegistry; 
SearchStrategy: all) found bean 'observationRegistry' 
(OnBeanCondition)

   ServletEndpointManagementContextConfiguration matched:
      - found 'session' scope (OnWebApplicationCondition)

   ServletManagementContextAutoConfiguration matched:
      - @ConditionalOnClass found required classes 
'jakarta.servlet.Servlet', 'org.springframework.boot.actua
te.autoconfigure.endpoint.web.WebEndpointProperties' 
(OnClassCondition)
      - found 'session' scope (OnWebApplicationCondition)

   SpringDocConfigProperties matched:
      - @ConditionalOnProperty 
(springdoc.api-docs.enabled) matched (OnPropertyCondition)
      - @ConditionalOnBean (types: 
org.springdoc.core.configuration.SpringDocConfiguration; 
SearchStrategy: all) found bean 
'org.springdoc.core.configuration.SpringDocConfiguration' 
(OnBeanCondition)

   SpringDocConfiguration matched:
      - @ConditionalOnWebApplication (required) found 
'session' scope (OnWebApplicationCondition)
      - @ConditionalOnProperty 
(springdoc.api-docs.enabled) matched (OnPropertyCondition)

   SpringDocConfiguration#fileSupportConverter matched:
      - @ConditionalOnMissingBean (types: 
org.springdoc.core.converters.FileSupportConverter; 
SearchStrategy: all) did not find any beans 
(OnBeanCondition)

   SpringDocConfiguration#globalOpenApiCustomizer matched:
      - @ConditionalOnMissingBean (names: 
globalOpenApiCustomizer; SearchStrategy: all) did not 
find any beans (OnBeanCondition)

   SpringDocConfiguration#initExtraSchemas matched:
      - @ConditionalOnProperty 
(springdoc.enable-extra-schemas) matched 
(OnPropertyCondition)

   SpringDocConfiguration#methodParameterPojoExtractor 
matched:
      - @ConditionalOnMissingBean (types: org.springdoc.co
re.extractor.MethodParameterPojoExtractor; 
SearchStrategy: all) did not find any beans 
(OnBeanCondition)

   SpringDocConfiguration#openAPIBuilder matched:
      - @ConditionalOnMissingBean (types: 
org.springdoc.core.service.OpenAPIService; 
SearchStrategy: all) did not find any beans 
(OnBeanCondition)

   SpringDocConfiguration#operationBuilder matched:
      - @ConditionalOnMissingBean (types: 
org.springdoc.core.service.OperationService; 
SearchStrategy: all) did not find any beans 
(OnBeanCondition)

   SpringDocConfiguration#parameterBuilder matched:
      - @ConditionalOnMissingBean (types: 
org.springdoc.core.service.GenericParameterService; 
SearchStrategy: all) did not find any beans 
(OnBeanCondition)

   SpringDocConfiguration#parameterObjectNamingStrategyCus
tomizer matched:
      - @ConditionalOnMissingBean (types: org.springdoc.co
re.customizers.ParameterObjectNamingStrategyCustomizer; 
SearchStrategy: all) did not find any beans 
(OnBeanCondition)

   SpringDocConfiguration#polymorphicModelConverter 
matched:
      - @ConditionalOnProperty (springdoc.model-converters
.polymorphic-converter.enabled) matched 
(OnPropertyCondition)
      - @ConditionalOnMissingBean (types: 
org.springdoc.core.converters.PolymorphicModelConverter; 
SearchStrategy: all) did not find any beans 
(OnBeanCondition)

   SpringDocConfiguration#requestBodyBuilder matched:
      - @ConditionalOnMissingBean (types: 
org.springdoc.core.service.RequestBodyService; 
SearchStrategy: all) did not find any beans 
(OnBeanCondition)

   SpringDocConfiguration#responseSupportConverter 
matched:
      - @ConditionalOnMissingBean (types: 
org.springdoc.core.converters.ResponseSupportConverter; 
SearchStrategy: all) did not find any beans 
(OnBeanCondition)

   
SpringDocConfiguration#schemaPropertyDeprecatingConverter 
matched:
      - @ConditionalOnProperty (springdoc.model-converters
.deprecating-converter.enabled) matched 
(OnPropertyCondition)
      - @ConditionalOnMissingBean (types: org.springdoc.co
re.converters.SchemaPropertyDeprecatingConverter; 
SearchStrategy: all) did not find any beans 
(OnBeanCondition)

   SpringDocConfiguration#schemaUtils matched:
      - @ConditionalOnMissingBean (types: 
org.springdoc.core.utils.SchemaUtils; SearchStrategy: 
all) did not find any beans (OnBeanCondition)

   SpringDocConfiguration#securityParser matched:
      - @ConditionalOnMissingBean (types: 
org.springdoc.core.service.SecurityService; 
SearchStrategy: all) did not find any beans 
(OnBeanCondition)

   SpringDocConfiguration#springDocAppInitializer matched:
      - @ConditionalOnMissingBean (names: 
springDocAppInitializer; SearchStrategy: all) did not 
find any beans (OnBeanCondition)

   SpringDocConfiguration#springDocCustomizers matched:
      - @ConditionalOnMissingBean (types: 
org.springdoc.core.customizers.SpringDocCustomizers; 
SearchStrategy: all) did not find any beans 
(OnBeanCondition)

   SpringDocConfiguration#springDocProviders matched:
      - @ConditionalOnMissingBean (types: 
org.springdoc.core.providers.SpringDocProviders; 
SearchStrategy: all) did not find any beans 
(OnBeanCondition)

   SpringDocConfiguration#springdocObjectMapperProvider 
matched:
      - @ConditionalOnMissingBean (types: 
org.springdoc.core.providers.ObjectMapperProvider; 
SearchStrategy: all) did not find any beans 
(OnBeanCondition)

   SpringDocConfiguration.QuerydslProvider matched:
      - @ConditionalOnClass found required class 'org.spri
ngframework.data.querydsl.binding.QuerydslBindingsFactory'
 (OnClassCondition)

   SpringDocConfiguration.QuerydslProvider#queryDslQueryds
lPredicateOperationCustomizer matched:
      - @ConditionalOnMissingBean (types: org.springdoc.co
re.customizers.QuerydslPredicateOperationCustomizer; 
SearchStrategy: all) did not find any beans 
(OnBeanCondition)

   SpringDocConfiguration.SpringDocSpringDataWebProperties
Provider matched:
      - @ConditionalOnClass found required class 'org.spri
ngframework.boot.data.autoconfigure.web.DataWebProperties'
 (OnClassCondition)

   SpringDocConfiguration.SpringDocSpringDataWebProperties
Provider#springDataWebPropertiesProvider matched:
      - @ConditionalOnMissingBean (types: org.springdoc.co
re.providers.SpringDataWebPropertiesProvider; 
SearchStrategy: all) did not find any beans 
(OnBeanCondition)

   SpringDocConfiguration.SpringDocWebFluxSupportConfigura
tion matched:
      - @ConditionalOnClass found required class 
'reactor.core.publisher.Flux' (OnClassCondition)

   SpringDocConfiguration.SpringDocWebFluxSupportConfigura
tion#webFluxSupportConverter matched:
      - @ConditionalOnMissingBean (types: 
org.springdoc.core.converters.WebFluxSupportConverter; 
SearchStrategy: all) did not find any beans 
(OnBeanCondition)

   
SpringDocConfiguration.WebConversionServiceConfiguration 
matched:
      - @ConditionalOnClass found required class 'org.spri
ngframework.boot.autoconfigure.web.format.WebConversionSer
vice' (OnClassCondition)

   SpringDocPageableConfiguration matched:
      - @ConditionalOnClass found required class 
'org.springframework.data.domain.Pageable' 
(OnClassCondition)
      - @ConditionalOnWebApplication (required) found 
'session' scope (OnWebApplicationCondition)
      - @ConditionalOnProperty 
(springdoc.api-docs.enabled) matched (OnPropertyCondition)
      - @ConditionalOnBean (types: 
org.springdoc.core.configuration.SpringDocConfiguration; 
SearchStrategy: all) found bean 
'org.springdoc.core.configuration.SpringDocConfiguration' 
(OnBeanCondition)

   SpringDocPageableConfiguration#dataRestDelegatingMethod
ParameterCustomizer matched:
      - @ConditionalOnMissingBean (types: org.springdoc.co
re.customizers.DataRestDelegatingMethodParameterCustomizer
; SearchStrategy: all) did not find any beans 
(OnBeanCondition)

   SpringDocPageableConfiguration#pageOpenAPIConverter 
matched:
      - @ConditionalOnClass found required classes 
'org.springframework.data.web.PagedModel', 'org.springfram
ework.data.web.config.SpringDataWebSettings' 
(OnClassCondition)
      - @ConditionalOnMissingBean (types: 
org.springdoc.core.converters.PageOpenAPIConverter; 
SearchStrategy: all) did not find any beans 
(OnBeanCondition)

   
SpringDocPageableConfiguration#pageableOpenAPIConverter 
matched:
      - @ConditionalOnProperty 
(springdoc.model-converters.pageable-converter.enabled) 
matched (OnPropertyCondition)
      - @ConditionalOnMissingBean (types: 
org.springdoc.core.converters.PageableOpenAPIConverter; 
SearchStrategy: all) did not find any beans 
(OnBeanCondition)

   SpringDocSortConfiguration matched:
      - @ConditionalOnClass found required class 
'org.springframework.data.domain.Sort' (OnClassCondition)
      - @ConditionalOnWebApplication (required) found 
'session' scope (OnWebApplicationCondition)
      - @ConditionalOnProperty 
(springdoc.api-docs.enabled) matched (OnPropertyCondition)
      - @ConditionalOnBean (types: 
org.springdoc.core.configuration.SpringDocConfiguration; 
SearchStrategy: all) found bean 
'org.springdoc.core.configuration.SpringDocConfiguration' 
(OnBeanCondition)

   SpringDocSortConfiguration#sortOpenAPIConverter 
matched:
      - @ConditionalOnProperty 
(springdoc.sort-converter.enabled) matched 
(OnPropertyCondition)
      - @ConditionalOnMissingBean (types: 
org.springdoc.core.converters.SortOpenAPIConverter; 
SearchStrategy: all) did not find any beans 
(OnBeanCondition)

   SpringDocWebMvcConfiguration matched:
      - found 'session' scope (OnWebApplicationCondition)
      - @ConditionalOnProperty 
(springdoc.api-docs.enabled) matched (OnPropertyCondition)
      - @ConditionalOnBean (types: 
org.springdoc.core.configuration.SpringDocConfiguration; 
SearchStrategy: all) found bean 
'org.springdoc.core.configuration.SpringDocConfiguration' 
(OnBeanCondition)

   SpringDocWebMvcConfiguration#openApiResource matched:
      - @ConditionalOnExpression 
(#{(${springdoc.use-management-port:false} == false ) and 
${springdoc.enable-default-api-docs:true}}) resulted in 
true (OnExpressionCondition)
      - @ConditionalOnMissingBean (types: 
org.springdoc.webmvc.api.OpenApiWebMvcResource; 
SearchStrategy: all) did not find any beans 
(OnBeanCondition)

   SpringDocWebMvcConfiguration#requestBuilder matched:
      - @ConditionalOnMissingBean (types: 
org.springdoc.webmvc.core.service.RequestService; 
SearchStrategy: all) did not find any beans 
(OnBeanCondition)

   SpringDocWebMvcConfiguration#responseBuilder matched:
      - @ConditionalOnMissingBean (types: 
org.springdoc.core.service.GenericResponseService; 
SearchStrategy: all) did not find any beans 
(OnBeanCondition)

   SpringDocWebMvcConfiguration#springWebProvider matched:
      - @ConditionalOnMissingBean (types: 
org.springdoc.core.providers.SpringWebProvider; 
SearchStrategy: all) did not find any beans 
(OnBeanCondition)

   SpringDocWebMvcConfiguration.SpringDocWebMvcActuatorCon
figuration matched:
      - @ConditionalOnClass found required class 'org.spri
ngframework.boot.webmvc.actuate.endpoint.web.WebMvcEndpoin
tHandlerMapping' (OnClassCondition)

   SpringDocWebMvcConfiguration.SpringDocWebMvcRouterConfi
guration matched:
      - @ConditionalOnClass found required class 
'org.springframework.web.servlet.function.RouterFunction' 
(OnClassCondition)

   SpringDocWebMvcConfiguration.SpringDocWebMvcRouterConfi
guration#routerFunctionProvider matched:
      - @ConditionalOnMissingBean (types: org.springdoc.we
bmvc.core.providers.RouterFunctionWebMvcProvider; 
SearchStrategy: all) did not find any beans 
(OnBeanCondition)

   SslAutoConfiguration#sslBundleRegistry matched:
      - @ConditionalOnMissingBean (types: org.springframew
ork.boot.ssl.SslBundleRegistry,org.springframework.boot.ss
l.SslBundles; SearchStrategy: all) did not find any beans 
(OnBeanCondition)

   SslHealthContributorAutoConfiguration matched:
      - @ConditionalOnClass found required class 
'org.springframework.boot.health.contributor.Health' 
(OnClassCondition)
      - @ConditionalOnEnabledHealthIndicator 
management.health.defaults.enabled is considered true 
(OnEnabledHealthIndicatorCondition)

   
SslHealthContributorAutoConfiguration#sslHealthIndicator 
matched:
      - @ConditionalOnMissingBean (names: 
sslHealthIndicator; SearchStrategy: all) did not find any 
beans (OnBeanCondition)

   SslHealthContributorAutoConfiguration#sslInfo matched:
      - @ConditionalOnMissingBean (types: 
org.springframework.boot.info.SslInfo; SearchStrategy: 
all) did not find any beans (OnBeanCondition)

   SslMetricsAutoConfiguration matched:
      - @ConditionalOnClass found required class 
'io.micrometer.core.instrument.MeterRegistry' 
(OnClassCondition)
      - @ConditionalOnBean (types: io.micrometer.core.inst
rument.MeterRegistry,org.springframework.boot.ssl.SslBundl
es; SearchStrategy: all) found beans 
'prometheusMeterRegistry', 'sslBundleRegistry' 
(OnBeanCondition)

   StartupTimeMetricsListenerAutoConfiguration matched:
      - @ConditionalOnClass found required class 
'io.micrometer.core.instrument.MeterRegistry' 
(OnClassCondition)
      - @ConditionalOnBean (types: 
io.micrometer.core.instrument.MeterRegistry; 
SearchStrategy: all) found bean 'prometheusMeterRegistry' 
(OnBeanCondition)

   StartupTimeMetricsListenerAutoConfiguration#startupTime
Metrics matched:
      - @ConditionalOnMissingBean (types: org.springframew
ork.boot.micrometer.metrics.startup.StartupTimeMetricsList
ener; SearchStrategy: all) did not find any beans 
(OnBeanCondition)

   SwaggerConfig matched:
      - found 'session' scope (OnWebApplicationCondition)
      - @ConditionalOnProperty 
(springdoc.swagger-ui.enabled) matched 
(OnPropertyCondition)
      - @ConditionalOnBean (types: 
org.springdoc.core.configuration.SpringDocConfiguration; 
SearchStrategy: all) found bean 
'org.springdoc.core.configuration.SpringDocConfiguration' 
(OnBeanCondition)

   SwaggerConfig#indexPageTransformer matched:
      - @ConditionalOnMissingBean (types: 
org.springdoc.webmvc.ui.SwaggerIndexTransformer; 
SearchStrategy: all) did not find any beans 
(OnBeanCondition)

   SwaggerConfig#springDocSwaggerInitializer matched:
      - @ConditionalOnProperty 
(springdoc.use-management-port=false) matched 
(OnPropertyCondition)
      - @ConditionalOnMissingBean (names: 
springDocSwaggerInitializer; SearchStrategy: all) did not 
find any beans (OnBeanCondition)

   SwaggerConfig#swaggerConfigResource matched:
      - @ConditionalOnProperty 
(springdoc.use-management-port=false) matched 
(OnPropertyCondition)
      - @ConditionalOnMissingBean (types: 
org.springdoc.webmvc.ui.SwaggerConfigResource; 
SearchStrategy: all) did not find any beans 
(OnBeanCondition)

   SwaggerConfig#swaggerResourceResolver matched:
      - @ConditionalOnMissingBean (types: 
org.springdoc.webmvc.ui.SwaggerResourceResolver; 
SearchStrategy: all) did not find any beans 
(OnBeanCondition)

   SwaggerConfig#swaggerWebMvcConfigurer matched:
      - @ConditionalOnMissingBean (types: 
org.springdoc.webmvc.ui.SwaggerWebMvcConfigurer; 
SearchStrategy: all) did not find any beans 
(OnBeanCondition)

   SwaggerConfig#swaggerWelcome matched:
      - @ConditionalOnProperty 
(springdoc.use-management-port=false) matched 
(OnPropertyCondition)
      - @ConditionalOnMissingBean (types: 
org.springdoc.webmvc.ui.SwaggerWelcomeWebMvc; 
SearchStrategy: all) did not find any beans 
(OnBeanCondition)

   SwaggerUiConfigProperties matched:
      - @ConditionalOnProperty 
(springdoc.swagger-ui.enabled) matched 
(OnPropertyCondition)
      - @ConditionalOnBean (types: 
org.springdoc.core.configuration.SpringDocConfiguration; 
SearchStrategy: all) found bean 
'org.springdoc.core.configuration.SpringDocConfiguration' 
(OnBeanCondition)

   SwaggerUiOAuthProperties matched:
      - @ConditionalOnProperty 
(springdoc.swagger-ui.enabled) matched 
(OnPropertyCondition)
      - @ConditionalOnBean (types: 
org.springdoc.core.configuration.SpringDocConfiguration; 
SearchStrategy: all) found bean 
'org.springdoc.core.configuration.SpringDocConfiguration' 
(OnBeanCondition)

   SystemMetricsAutoConfiguration matched:
      - @ConditionalOnClass found required class 
'io.micrometer.core.instrument.MeterRegistry' 
(OnClassCondition)
      - @ConditionalOnBean (types: 
io.micrometer.core.instrument.MeterRegistry; 
SearchStrategy: all) found bean 'prometheusMeterRegistry' 
(OnBeanCondition)

   SystemMetricsAutoConfiguration#diskSpaceMetrics 
matched:
      - @ConditionalOnMissingBean (types: org.springframew
ork.boot.micrometer.metrics.system.DiskSpaceMetricsBinder;
 SearchStrategy: all) did not find any beans 
(OnBeanCondition)

   SystemMetricsAutoConfiguration#fileDescriptorMetrics 
matched:
      - @ConditionalOnMissingBean (types: io.micrometer.co
re.instrument.binder.system.FileDescriptorMetrics; 
SearchStrategy: all) did not find any beans 
(OnBeanCondition)

   SystemMetricsAutoConfiguration#processorMetrics 
matched:
      - @ConditionalOnMissingBean (types: io.micrometer.co
re.instrument.binder.system.ProcessorMetrics; 
SearchStrategy: all) did not find any beans 
(OnBeanCondition)

   SystemMetricsAutoConfiguration#uptimeMetrics matched:
      - @ConditionalOnMissingBean (types: io.micrometer.co
re.instrument.binder.system.UptimeMetrics; 
SearchStrategy: all) did not find any beans 
(OnBeanCondition)

   TaskExecutionAutoConfiguration matched:
      - @ConditionalOnClass found required class 'org.spri
ngframework.scheduling.concurrent.ThreadPoolTaskExecutor' 
(OnClassCondition)

   
TaskExecutorConfigurations.AsyncConfigurerConfiguration 
matched:
      - @ConditionalOnMissingBean (types: org.springframew
ork.scheduling.annotation.AsyncConfigurer; 
SearchStrategy: all) did not find any beans 
(OnBeanCondition)

   TaskExecutorConfigurations.SimpleAsyncTaskExecutorBuild
erConfiguration#simpleAsyncTaskExecutorBuilder matched:
      - @ConditionalOnMissingBean (types: org.springframew
ork.boot.task.SimpleAsyncTaskExecutorBuilder; 
SearchStrategy: all) did not find any beans 
(OnBeanCondition)
      - @ConditionalOnThreading found PLATFORM 
(OnThreadingCondition)

   TaskExecutorConfigurations.TaskExecutorConfiguration 
matched:
      - AnyNestedCondition 1 matched 1 did not; 
NestedCondition on TaskExecutorConfigurations.OnExecutorCo
ndition.ModelCondition @ConditionalOnProperty 
(spring.task.execution.mode=force) did not find property 
'spring.task.execution.mode'; NestedCondition on TaskExecu
torConfigurations.OnExecutorCondition.ExecutorBeanConditio
n @ConditionalOnMissingBean (types: 
java.util.concurrent.Executor; SearchStrategy: all) did 
not find any beans 
(TaskExecutorConfigurations.OnExecutorCondition)

   TaskExecutorConfigurations.TaskExecutorConfiguration#ap
plicationTaskExecutor matched:
      - @ConditionalOnThreading found PLATFORM 
(OnThreadingCondition)

   TaskExecutorConfigurations.ThreadPoolTaskExecutorBuilde
rConfiguration#threadPoolTaskExecutorBuilder matched:
      - @ConditionalOnMissingBean (types: org.springframew
ork.boot.task.ThreadPoolTaskExecutorBuilder; 
SearchStrategy: all) did not find any beans 
(OnBeanCondition)

   TaskExecutorMetricsAutoConfiguration matched:
      - @ConditionalOnClass found required class 'io.micro
meter.core.instrument.binder.jvm.ExecutorServiceMetrics' 
(OnClassCondition)
      - @ConditionalOnBean (types: java.util.concurrent.Ex
ecutor,io.micrometer.core.instrument.MeterRegistry; 
SearchStrategy: all) found beans 
'prometheusMeterRegistry', 'applicationTaskExecutor' 
(OnBeanCondition)

   TaskSchedulingAutoConfiguration matched:
      - @ConditionalOnClass found required class 'org.spri
ngframework.scheduling.concurrent.ThreadPoolTaskScheduler'
 (OnClassCondition)

   TaskSchedulingConfigurations.SimpleAsyncTaskSchedulerBu
ilderConfiguration#simpleAsyncTaskSchedulerBuilder 
matched:
      - @ConditionalOnMissingBean (types: org.springframew
ork.boot.task.SimpleAsyncTaskSchedulerBuilder; 
SearchStrategy: all) did not find any beans 
(OnBeanCondition)
      - @ConditionalOnThreading found PLATFORM 
(OnThreadingCondition)

   TaskSchedulingConfigurations.ThreadPoolTaskSchedulerBui
lderConfiguration#threadPoolTaskSchedulerBuilder matched:
      - @ConditionalOnMissingBean (types: org.springframew
ork.boot.task.ThreadPoolTaskSchedulerBuilder; 
SearchStrategy: all) did not find any beans 
(OnBeanCondition)

   TomcatMetricsAutoConfiguration matched:
      - @ConditionalOnClass found required classes 'io.mic
rometer.core.instrument.binder.tomcat.TomcatMetrics', 
'org.apache.catalina.Manager', 
'io.micrometer.core.instrument.MeterRegistry' 
(OnClassCondition)
      - @ConditionalOnWebApplication (required) found 
'session' scope (OnWebApplicationCondition)

   TomcatMetricsAutoConfiguration#tomcatMetricsBinder 
matched:
      - @ConditionalOnBean (types: 
io.micrometer.core.instrument.MeterRegistry; 
SearchStrategy: all) found bean 
'prometheusMeterRegistry'; @ConditionalOnMissingBean 
(types: io.micrometer.core.instrument.binder.tomcat.Tomcat
Metrics,org.springframework.boot.tomcat.metrics.TomcatMetr
icsBinder; SearchStrategy: all) did not find any beans 
(OnBeanCondition)

   TomcatServletWebServerAutoConfiguration matched:
      - @ConditionalOnClass found required classes 
'jakarta.servlet.ServletRequest', 
'org.apache.catalina.startup.Tomcat', 
'org.apache.coyote.UpgradeProtocol', 'org.springframework.
boot.tomcat.servlet.TomcatServletWebServerFactory' 
(OnClassCondition)
      - found 'session' scope (OnWebApplicationCondition)

   TomcatServletWebServerAutoConfiguration#tomcatServletWe
bServerFactory matched:
      - @ConditionalOnMissingBean (types: org.springframew
ork.boot.web.server.servlet.ServletWebServerFactory; 
SearchStrategy: current) did not find any beans 
(OnBeanCondition)

   TransactionAutoConfiguration matched:
      - @ConditionalOnClass found required class 'org.spri
ngframework.transaction.PlatformTransactionManager' 
(OnClassCondition)

   TransactionAutoConfiguration.EnableTransactionManagemen
tConfiguration matched:
      - @ConditionalOnBean (types: 
org.springframework.transaction.TransactionManager; 
SearchStrategy: all) found bean 'transactionManager'; 
@ConditionalOnMissingBean (types: org.springframework.tran
saction.annotation.AbstractTransactionManagementConfigurat
ion; SearchStrategy: all) did not find any beans 
(OnBeanCondition)

   TransactionAutoConfiguration.EnableTransactionManagemen
tConfiguration.CglibAutoProxyConfiguration matched:
      - @ConditionalOnBooleanProperty 
(spring.aop.proxy-target-class=true) matched 
(OnPropertyCondition)

   TransactionAutoConfiguration.TransactionTemplateConfigu
ration matched:
      - @ConditionalOnSingleCandidate (types: org.springfr
amework.transaction.PlatformTransactionManager; 
SearchStrategy: all) found a single bean 
'transactionManager' (OnBeanCondition)

   TransactionAutoConfiguration.TransactionTemplateConfigu
ration#transactionTemplate matched:
      - @ConditionalOnMissingBean (types: org.springframew
ork.transaction.support.TransactionOperations; 
SearchStrategy: all) did not find any beans 
(OnBeanCondition)

   TransactionManagerCustomizationAutoConfiguration 
matched:
      - @ConditionalOnClass found required class 'org.spri
ngframework.transaction.PlatformTransactionManager' 
(OnClassCondition)

   TransactionManagerCustomizationAutoConfiguration#platfo
rmTransactionManagerCustomizers matched:
      - @ConditionalOnMissingBean (types: org.springframew
ork.boot.transaction.autoconfigure.TransactionManagerCusto
mizers; SearchStrategy: all) did not find any beans 
(OnBeanCondition)

   ValidationAutoConfiguration matched:
      - @ConditionalOnClass found required class 
'jakarta.validation.executable.ExecutableValidator' 
(OnClassCondition)
      - @ConditionalOnResource found location classpath:ME
TA-INF/services/jakarta.validation.spi.ValidationProvider 
(OnResourceCondition)

   ValidationAutoConfiguration#defaultValidator matched:
      - @ConditionalOnMissingBean (types: 
jakarta.validation.Validator; SearchStrategy: all) did 
not find any beans (OnBeanCondition)

   
ValidationAutoConfiguration#methodValidationPostProcessor 
matched:
      - @ConditionalOnMissingBean (types: org.springframew
ork.validation.beanvalidation.MethodValidationPostProcesso
r; SearchStrategy: current) did not find any beans 
(OnBeanCondition)

   WebEndpointAutoConfiguration matched:
      - @ConditionalOnWebApplication (required) found 
'session' scope (OnWebApplicationCondition)

   
WebEndpointAutoConfiguration#controllerEndpointDiscoverer 
matched:
      - @ConditionalOnMissingBean (types: org.springframew
ork.boot.actuate.endpoint.web.annotation.ControllerEndpoin
tsSupplier; SearchStrategy: all) did not find any beans 
(OnBeanCondition)

   WebEndpointAutoConfiguration#endpointMediaTypes 
matched:
      - @ConditionalOnMissingBean (types: org.springframew
ork.boot.actuate.endpoint.web.EndpointMediaTypes; 
SearchStrategy: all) did not find any beans 
(OnBeanCondition)

   WebEndpointAutoConfiguration#pathMappedEndpoints 
matched:
      - @ConditionalOnMissingBean (types: org.springframew
ork.boot.actuate.endpoint.web.PathMappedEndpoints; 
SearchStrategy: all) did not find any beans 
(OnBeanCondition)

   WebEndpointAutoConfiguration#webEndpointDiscoverer 
matched:
      - @ConditionalOnMissingBean (types: org.springframew
ork.boot.actuate.endpoint.web.WebEndpointsSupplier; 
SearchStrategy: all) did not find any beans 
(OnBeanCondition)

   WebEndpointAutoConfiguration.WebEndpointServletConfigur
ation matched:
      - found 'session' scope (OnWebApplicationCondition)

   WebEndpointAutoConfiguration.WebEndpointServletConfigur
ation#servletEndpointDiscoverer matched:
      - @ConditionalOnMissingBean (types: org.springframew
ork.boot.actuate.endpoint.web.annotation.ServletEndpointsS
upplier; SearchStrategy: all) did not find any beans 
(OnBeanCondition)

   WebMvcAutoConfiguration matched:
      - @ConditionalOnClass found required classes 
'jakarta.servlet.Servlet', 
'org.springframework.web.servlet.DispatcherServlet', 'org.
springframework.web.servlet.config.annotation.WebMvcConfig
urer' (OnClassCondition)
      - found 'session' scope (OnWebApplicationCondition)
      - @ConditionalOnMissingBean (types: org.springframew
ork.web.servlet.config.annotation.WebMvcConfigurationSuppo
rt; SearchStrategy: all) did not find any beans 
(OnBeanCondition)

   WebMvcAutoConfiguration#formContentFilter matched:
      - @ConditionalOnBooleanProperty 
(spring.mvc.formcontent.filter.enabled=true) matched 
(OnPropertyCondition)
      - @ConditionalOnMissingBean (types: 
org.springframework.web.filter.FormContentFilter; 
SearchStrategy: all) did not find any beans 
(OnBeanCondition)

   WebMvcAutoConfiguration.EnableWebMvcConfiguration#flash
MapManager matched:
      - @ConditionalOnMissingBean (names: 
flashMapManager; SearchStrategy: all) did not find any 
beans (OnBeanCondition)

   WebMvcAutoConfiguration.EnableWebMvcConfiguration#local
eResolver matched:
      - @ConditionalOnMissingBean (names: localeResolver; 
SearchStrategy: all) did not find any beans 
(OnBeanCondition)

   WebMvcAutoConfiguration.EnableWebMvcConfiguration#viewN
ameTranslator matched:
      - @ConditionalOnMissingBean (names: 
viewNameTranslator; SearchStrategy: all) did not find any 
beans (OnBeanCondition)

   WebMvcAutoConfiguration.ResourceChainCustomizerConfigur
ation matched:
      - @ConditionalOnEnabledResourceChain found class 
org.webjars.WebJarVersionLocator 
(OnEnabledResourceChainCondition)

   WebMvcAutoConfiguration.WebMvcAutoConfigurationAdapter#
defaultViewResolver matched:
      - @ConditionalOnMissingBean (types: org.springframew
ork.web.servlet.view.InternalResourceViewResolver; 
SearchStrategy: all) did not find any beans 
(OnBeanCondition)

   WebMvcAutoConfiguration.WebMvcAutoConfigurationAdapter#
requestContextFilter matched:
      - @ConditionalOnMissingBean (types: org.springframew
ork.web.context.request.RequestContextListener,org.springf
ramework.web.filter.RequestContextFilter; SearchStrategy: 
all) did not find any beans (OnBeanCondition)

   WebMvcAutoConfiguration.WebMvcAutoConfigurationAdapter#
viewResolver matched:
      - @ConditionalOnBean (types: 
org.springframework.web.servlet.ViewResolver; 
SearchStrategy: all) found beans 'defaultViewResolver', 
'beanNameViewResolver', 'mvcViewResolver'; 
@ConditionalOnMissingBean (names: viewResolver types: org.
springframework.web.servlet.view.ContentNegotiatingViewRes
olver; SearchStrategy: all) did not find any beans 
(OnBeanCondition)

   WebMvcEndpointManagementContextConfiguration matched:
      - found 'session' scope (OnWebApplicationCondition)
      - @ConditionalOnBean (types: org.springframework.web
.servlet.DispatcherServlet,org.springframework.boot.actuat
e.endpoint.web.WebEndpointsSupplier; SearchStrategy: all) 
found beans 'webEndpointDiscoverer', 'dispatcherServlet' 
(OnBeanCondition)

   WebMvcEndpointManagementContextConfiguration#controller
EndpointHandlerMapping matched:
      - @ConditionalOnMissingBean (types: org.springframew
ork.boot.webmvc.actuate.endpoint.web.ControllerEndpointHan
dlerMapping; SearchStrategy: all) did not find any beans 
(OnBeanCondition)

   WebMvcEndpointManagementContextConfiguration#endpointJa
ckson2ObjectMapperWebMvcConfigurer matched:
      - @ConditionalOnBean (types: org.springframework.boo
t.actuate.endpoint.jackson.EndpointJackson2ObjectMapper; 
SearchStrategy: all) found bean 
'jackson2EndpointJsonMapper' (OnBeanCondition)

   WebMvcEndpointManagementContextConfiguration#endpointJs
onMapperWebMvcConfigurer matched:
      - @ConditionalOnBean (types: org.springframework.boo
t.actuate.endpoint.jackson.EndpointJsonMapper; 
SearchStrategy: all) found bean 'endpointJsonMapper' 
(OnBeanCondition)

   WebMvcEndpointManagementContextConfiguration#webEndpoin
tServletHandlerMapping matched:
      - @ConditionalOnMissingBean (types: org.springframew
ork.boot.webmvc.actuate.endpoint.web.WebMvcEndpointHandler
Mapping; SearchStrategy: all) did not find any beans 
(OnBeanCondition)

   WebMvcEndpointManagementContextConfiguration.HealthConf
iguration matched:
      - @ConditionalOnClass found required class 'org.spri
ngframework.boot.health.actuate.endpoint.HealthEndpoint' 
(OnClassCondition)

   WebMvcHealthEndpointExtensionAutoConfiguration matched:
      - @ConditionalOnClass found required class 'org.spri
ngframework.boot.health.actuate.endpoint.HealthEndpoint' 
(OnClassCondition)
      - found 'session' scope (OnWebApplicationCondition)
      - @ConditionalOnAvailableEndpoint marked as exposed 
by a 'management.endpoints.web.exposure' property 
(OnAvailableEndpointCondition)
      - @ConditionalOnBean (types: org.springframework.boo
t.health.actuate.endpoint.HealthEndpoint,org.springframewo
rk.boot.actuate.endpoint.web.WebEndpointsSupplier,org.spri
ngframework.boot.health.actuate.endpoint.HealthEndpointGro
ups; SearchStrategy: all) found beans 
'webEndpointDiscoverer', 'healthEndpoint', 
'healthEndpointGroups' (OnBeanCondition)

   WebMvcObservationAutoConfiguration matched:
      - @ConditionalOnClass found required classes 
'org.springframework.web.servlet.DispatcherServlet', 
'io.micrometer.observation.Observation', 'org.springframew
ork.boot.micrometer.observation.autoconfigure.ObservationP
roperties' (OnClassCondition)
      - found 'session' scope (OnWebApplicationCondition)
      - @ConditionalOnBean (types: 
io.micrometer.observation.ObservationRegistry; 
SearchStrategy: all) found bean 'observationRegistry' 
(OnBeanCondition)

   WebMvcObservationAutoConfiguration#webMvcObservationFil
ter matched:
      - @ConditionalOnMissingBean (types: org.springframew
ork.web.filter.ServerHttpObservationFilter; 
SearchStrategy: all) did not find any beans 
(OnBeanCondition)

   WebMvcObservationAutoConfiguration.MeterFilterConfigura
tion matched:
      - @ConditionalOnClass found required classes 
'io.micrometer.core.instrument.MeterRegistry', 'org.spring
framework.boot.micrometer.metrics.autoconfigure.MetricsPro
perties' (OnClassCondition)
      - @ConditionalOnBean (types: 
io.micrometer.core.instrument.MeterRegistry; 
SearchStrategy: all) found bean 'prometheusMeterRegistry' 
(OnBeanCondition)


Negative matches:
-----------------

   AopAutoConfiguration.AspectJAutoProxyingConfiguration.J
dkDynamicAutoProxyConfiguration:
      Did not match:
         - @ConditionalOnBooleanProperty 
(spring.aop.proxy-target-class=false) did not find 
property 'spring.aop.proxy-target-class' 
(OnPropertyCondition)

   AopAutoConfiguration.ClassProxyingConfiguration:
      Did not match:
         - @ConditionalOnMissingClass found unwanted 
class 'org.aspectj.weaver.Advice' (OnClassCondition)

   AppOpticsMetricsExportAutoConfiguration:
      Did not match:
         - @ConditionalOnClass did not find required 
class 'io.micrometer.appoptics.AppOpticsMeterRegistry' 
(OnClassCondition)

   AtlasMetricsExportAutoConfiguration:
      Did not match:
         - @ConditionalOnClass did not find required 
class 'io.micrometer.atlas.AtlasMeterRegistry' 
(OnClassCondition)

   AuditAutoConfiguration:
      Did not match:
         - @ConditionalOnBean (types: org.springframework.
boot.actuate.audit.AuditEventRepository; SearchStrategy: 
all) did not find any beans of type org.springframework.bo
ot.actuate.audit.AuditEventRepository (OnBeanCondition)
      Matched:
         - @ConditionalOnBooleanProperty 
(management.auditevents.enabled=true) matched 
(OnPropertyCondition)

   AuditEventsEndpointAutoConfiguration:
      Did not match:
         - @ConditionalOnAvailableEndpoint not exposed 
(OnAvailableEndpointCondition)

   AvailabilityHealthContributorAutoConfiguration#liveness
StateHealthIndicator:
      Did not match:
         - @ConditionalOnBooleanProperty 
(management.health.livenessstate.enabled=true) did not 
find property 'management.health.livenessstate.enabled' 
(OnPropertyCondition)

   AvailabilityHealthContributorAutoConfiguration#readines
sStateHealthIndicator:
      Did not match:
         - @ConditionalOnBooleanProperty 
(management.health.readinessstate.enabled=true) did not 
find property 'management.health.readinessstate.enabled' 
(OnPropertyCondition)

   BeansEndpointAutoConfiguration:
      Did not match:
         - @ConditionalOnAvailableEndpoint not exposed 
(OnAvailableEndpointCondition)

   CompositeMeterRegistryConfiguration:
      Did not match:
         - NoneNestedConditions 1 matched 1 did not; 
NestedCondition on CompositeMeterRegistryConfiguration.Mul
tipleNonPrimaryMeterRegistriesCondition.SingleInjectableMe
terRegistry @ConditionalOnSingleCandidate (types: 
io.micrometer.core.instrument.MeterRegistry; 
SearchStrategy: all) found a single bean 
'prometheusMeterRegistry'; NestedCondition on CompositeMet
erRegistryConfiguration.MultipleNonPrimaryMeterRegistriesC
ondition.NoMeterRegistryCondition 
@ConditionalOnMissingBean (types: 
io.micrometer.core.instrument.MeterRegistry; 
SearchStrategy: all) found beans of type 
'io.micrometer.core.instrument.MeterRegistry' 
prometheusMeterRegistry (CompositeMeterRegistryConfigurati
on.MultipleNonPrimaryMeterRegistriesCondition)

   ConditionsReportEndpointAutoConfiguration:
      Did not match:
         - @ConditionalOnAvailableEndpoint not exposed 
(OnAvailableEndpointCondition)

   ConfigurationPropertiesReportEndpointAutoConfiguration:
      Did not match:
         - @ConditionalOnAvailableEndpoint not exposed 
(OnAvailableEndpointCondition)

   DataJpaRepositoriesAutoConfiguration#entityManagerFacto
ryBootstrapExecutorCustomizer:
      Did not match:
         - AnyNestedCondition 0 matched 2 did not; 
NestedCondition on DataJpaRepositoriesAutoConfiguration.Bo
otstrapExecutorCondition.LazyBootstrapMode 
@ConditionalOnProperty 
(spring.data.jpa.repositories.bootstrap-mode=lazy) did 
not find property 
'spring.data.jpa.repositories.bootstrap-mode'; 
NestedCondition on DataJpaRepositoriesAutoConfiguration.Bo
otstrapExecutorCondition.DeferredBootstrapMode 
@ConditionalOnProperty 
(spring.data.jpa.repositories.bootstrap-mode=deferred) 
did not find property 
'spring.data.jpa.repositories.bootstrap-mode' (DataJpaRepo
sitoriesAutoConfiguration.BootstrapExecutorCondition)

   DataRedisHealthContributorAutoConfiguration#redisHealth
Contributor:
      Did not match:
         - @ConditionalOnMissingBean (names: 
redisHealthIndicator,redisHealthContributor; 
SearchStrategy: all) found beans named 
redisHealthContributor (OnBeanCondition)

   
DataSourceAutoConfiguration.EmbeddedDatabaseConfiguration:
      Did not match:
         - EmbeddedDataSource found supported pooled data 
source 
(DataSourceAutoConfiguration.EmbeddedDatabaseCondition)

   DataSourceCheckpointRestoreConfiguration:
      Did not match:
         - @ConditionalOnClass did not find required 
class 'org.crac.Resource' (OnClassCondition)

   DataSourceConfiguration.Dbcp2:
      Did not match:
         - @ConditionalOnClass did not find required 
class 'org.apache.commons.dbcp2.BasicDataSource' 
(OnClassCondition)

   DataSourceConfiguration.Generic:
      Did not match:
         - @ConditionalOnProperty 
(spring.datasource.type) did not find property 
'spring.datasource.type' (OnPropertyCondition)

   DataSourceConfiguration.OracleUcp:
      Did not match:
         - @ConditionalOnClass did not find required 
classes 'oracle.ucp.jdbc.PoolDataSourceImpl', 
'oracle.jdbc.OracleConnection' (OnClassCondition)

   DataSourceConfiguration.Tomcat:
      Did not match:
         - @ConditionalOnClass did not find required 
class 'org.apache.tomcat.jdbc.pool.DataSource' 
(OnClassCondition)

   DataSourceJmxConfiguration:
      Did not match:
         - @ConditionalOnBooleanProperty 
(spring.jmx.enabled=true) found different value in 
property 'spring.jmx.enabled' (OnPropertyCondition)

   DataSourcePoolMetadataProvidersConfiguration.CommonsDbc
p2PoolDataSourceMetadataProviderConfiguration:
      Did not match:
         - @ConditionalOnClass did not find required 
class 'org.apache.commons.dbcp2.BasicDataSource' 
(OnClassCondition)

   DataSourcePoolMetadataProvidersConfiguration.OracleUcpP
oolDataSourceMetadataProviderConfiguration:
      Did not match:
         - @ConditionalOnClass did not find required 
classes 'oracle.ucp.jdbc.PoolDataSource', 
'oracle.jdbc.OracleConnection' (OnClassCondition)

   DataSourcePoolMetadataProvidersConfiguration.TomcatData
SourcePoolMetadataProviderConfiguration:
      Did not match:
         - @ConditionalOnClass did not find required 
class 'org.apache.tomcat.jdbc.pool.DataSource' 
(OnClassCondition)

   DataSourceTransactionManagerAutoConfiguration.JdbcTrans
actionManagerConfiguration#transactionManager:
      Did not match:
         - @ConditionalOnMissingBean (types: 
org.springframework.transaction.TransactionManager; 
SearchStrategy: all) found beans of type 
'org.springframework.transaction.TransactionManager' 
transactionManager (OnBeanCondition)

   DatadogMetricsExportAutoConfiguration:
      Did not match:
         - @ConditionalOnClass did not find required 
class 'io.micrometer.datadog.DatadogMeterRegistry' 
(OnClassCondition)

   DispatcherServletAutoConfiguration.DispatcherServletCon
figuration#multipartResolver:
      Did not match:
         - @ConditionalOnBean (types: 
org.springframework.web.multipart.MultipartResolver; 
SearchStrategy: all) did not find any beans of type 
org.springframework.web.multipart.MultipartResolver 
(OnBeanCondition)

   DynatraceMetricsExportAutoConfiguration:
      Did not match:
         - @ConditionalOnClass did not find required 
class 'io.micrometer.dynatrace.DynatraceMeterRegistry' 
(OnClassCondition)

   ElasticMetricsExportAutoConfiguration:
      Did not match:
         - @ConditionalOnClass did not find required 
class 'io.micrometer.elastic.ElasticMeterRegistry' 
(OnClassCondition)

   EnvironmentEndpointAutoConfiguration:
      Did not match:
         - @ConditionalOnAvailableEndpoint not exposed 
(OnAvailableEndpointCondition)

   GangliaMetricsExportAutoConfiguration:
      Did not match:
         - @ConditionalOnClass did not find required 
class 'io.micrometer.ganglia.GangliaMeterRegistry' 
(OnClassCondition)

   GraphiteMetricsExportAutoConfiguration:
      Did not match:
         - @ConditionalOnClass did not find required 
class 'io.micrometer.graphite.GraphiteMeterRegistry' 
(OnClassCondition)

   GsonHttpMessageConvertersConfiguration:
      Did not match:
         - @ConditionalOnClass did not find required 
class 'com.google.gson.Gson' (OnClassCondition)

   HealthEndpointReactiveWebExtensionConfiguration:
      Did not match:
         - did not find reactive web application classes 
(OnWebApplicationCondition)

   HeapDumpWebEndpointAutoConfiguration:
      Did not match:
         - @ConditionalOnAvailableEndpoint the configured 
access for endpoint 'heapdump' is NONE 
(OnAvailableEndpointCondition)

   HibernateMetricsAutoConfiguration:
      Did not match:
         - @ConditionalOnClass did not find required 
class 'org.hibernate.stat.HibernateMetrics' 
(OnClassCondition)

   HttpExchangesEndpointAutoConfiguration:
      Did not match:
         - @ConditionalOnAvailableEndpoint not exposed 
(OnAvailableEndpointCondition)

   HumioMetricsExportAutoConfiguration:
      Did not match:
         - @ConditionalOnClass did not find required 
class 'io.micrometer.humio.HumioMeterRegistry' 
(OnClassCondition)

   InfluxMetricsExportAutoConfiguration:
      Did not match:
         - @ConditionalOnClass did not find required 
class 'io.micrometer.influx.InfluxMeterRegistry' 
(OnClassCondition)

   InfoContributorAutoConfiguration#buildInfoContributor:
      Did not match:
         - @ConditionalOnSingleCandidate (types: 
org.springframework.boot.info.BuildProperties; 
SearchStrategy: all) did not find any beans 
(OnBeanCondition)
      Matched:
         - @ConditionalOnEnabledInfoContributor 
management.info.defaults.enabled is considered true 
(OnEnabledInfoContributorCondition)

   InfoContributorAutoConfiguration#envInfoContributor:
      Did not match:
         - @ConditionalOnEnabledInfoContributor 
management.info.env.enabled is not true 
(OnEnabledInfoContributorCondition)

   InfoContributorAutoConfiguration#gitInfoContributor:
      Did not match:
         - @ConditionalOnSingleCandidate (types: 
org.springframework.boot.info.GitProperties; 
SearchStrategy: all) did not find any beans 
(OnBeanCondition)
      Matched:
         - @ConditionalOnEnabledInfoContributor 
management.info.defaults.enabled is considered true 
(OnEnabledInfoContributorCondition)

   InfoContributorAutoConfiguration#javaInfoContributor:
      Did not match:
         - @ConditionalOnEnabledInfoContributor 
management.info.java.enabled is not true 
(OnEnabledInfoContributorCondition)

   InfoContributorAutoConfiguration#osInfoContributor:
      Did not match:
         - @ConditionalOnEnabledInfoContributor 
management.info.os.enabled is not true 
(OnEnabledInfoContributorCondition)

   
InfoContributorAutoConfiguration#processInfoContributor:
      Did not match:
         - @ConditionalOnEnabledInfoContributor 
management.info.process.enabled is not true 
(OnEnabledInfoContributorCondition)

   InfoContributorAutoConfiguration#sslInfo:
      Did not match:
         - @ConditionalOnEnabledInfoContributor 
management.info.ssl.enabled is not true 
(OnEnabledInfoContributorCondition)
      Matched:
         - @ConditionalOnMissingBean (types: 
org.springframework.boot.info.SslInfo; SearchStrategy: 
all) did not find any beans (OnBeanCondition)

   InfoContributorAutoConfiguration#sslInfoContributor:
      Did not match:
         - @ConditionalOnEnabledInfoContributor 
management.info.ssl.enabled is not true 
(OnEnabledInfoContributorCondition)

   Jackson2HttpMessageConvertersConfiguration.MappingJacks
on2HttpMessageConverterConfiguration:
      Did not match:
         - AnyNestedCondition 0 matched 2 did not; 
NestedCondition on Jackson2HttpMessageConvertersConfigurat
ion.PreferJackson2OrJacksonUnavailableCondition.JacksonUna
vailable @ConditionalOnMissingBean (types: org.springframe
work.boot.http.converter.autoconfigure.JacksonHttpMessageC
onvertersConfiguration$JacksonJsonHttpMessageConvertersCus
tomizer; SearchStrategy: all) found beans of type 'org.spr
ingframework.boot.http.converter.autoconfigure.JacksonHttp
MessageConvertersConfiguration$JacksonJsonHttpMessageConve
rtersCustomizer' 
jacksonJsonHttpMessageConvertersCustomizer; 
NestedCondition on Jackson2HttpMessageConvertersConfigurat
ion.PreferJackson2OrJacksonUnavailableCondition.Jackson2Pr
eferred @ConditionalOnProperty 
(spring.http.converters.preferred-json-mapper=jackson2) 
did not find property 
'spring.http.converters.preferred-json-mapper' (Jackson2Ht
tpMessageConvertersConfiguration.PreferJackson2OrJacksonUn
availableCondition)
      Matched:
         - @ConditionalOnClass found required class 
'com.fasterxml.jackson.databind.ObjectMapper' 
(OnClassCondition)

   Jackson2HttpMessageConvertersConfiguration.MappingJacks
on2XmlHttpMessageConverterConfiguration:
      Did not match:
         - @ConditionalOnClass did not find required 
class 'com.fasterxml.jackson.dataformat.xml.XmlMapper' 
(OnClassCondition)

   JacksonAutoConfiguration.CborConfiguration:
      Did not match:
         - @ConditionalOnClass did not find required 
class 'tools.jackson.dataformat.cbor.CBORMapper' 
(OnClassCondition)

   JacksonAutoConfiguration.XmlConfiguration:
      Did not match:
         - @ConditionalOnClass did not find required 
class 'tools.jackson.dataformat.xml.XmlMapper' 
(OnClassCondition)

   JacksonHttpMessageConvertersConfiguration.JacksonXmlHtt
pMessageConverterConfiguration:
      Did not match:
         - @ConditionalOnClass did not find required 
class 'tools.jackson.dataformat.xml.XmlMapper' 
(OnClassCondition)

   JedisConnectionConfiguration:
      Did not match:
         - @ConditionalOnClass did not find required 
classes 
'org.apache.commons.pool2.impl.GenericObjectPool', 
'redis.clients.jedis.Jedis' (OnClassCondition)

   JmxAutoConfiguration:
      Did not match:
         - @ConditionalOnBooleanProperty 
(spring.jmx.enabled=true) found different value in 
property 'spring.jmx.enabled' (OnPropertyCondition)
      Matched:
         - @ConditionalOnClass found required class 
'org.springframework.jmx.export.MBeanExporter' 
(OnClassCondition)

   JmxEndpointAutoConfiguration:
      Did not match:
         - @ConditionalOnBooleanProperty 
(spring.jmx.enabled=true) found different value in 
property 'spring.jmx.enabled' (OnPropertyCondition)

   JmxMetricsExportAutoConfiguration:
      Did not match:
         - @ConditionalOnClass did not find required 
class 'io.micrometer.jmx.JmxMeterRegistry' 
(OnClassCondition)

   JndiDataSourceAutoConfiguration:
      Did not match:
         - @ConditionalOnProperty 
(spring.datasource.jndi-name) did not find property 
'spring.datasource.jndi-name' (OnPropertyCondition)
      Matched:
         - @ConditionalOnClass found required classes 
'javax.sql.DataSource', 'org.springframework.jdbc.datasour
ce.embedded.EmbeddedDatabaseType' (OnClassCondition)

   JndiJtaConfiguration:
      Did not match:
         - @ConditionalOnJndi JNDI environment is not 
available (OnJndiCondition)
      Matched:
         - @ConditionalOnClass found required class 'org.s
pringframework.transaction.jta.JtaTransactionManager' 
(OnClassCondition)

   JpaBaseConfiguration.JpaWebConfiguration:
      Did not match:
         - @ConditionalOnBooleanProperty 
(spring.jpa.open-in-view=true) found different value in 
property 'spring.jpa.open-in-view' (OnPropertyCondition)
      Matched:
         - @ConditionalOnClass found required class 'org.s
pringframework.web.servlet.config.annotation.WebMvcConfigu
rer' (OnClassCondition)
         - found 'session' scope 
(OnWebApplicationCondition)

   JsonbHttpMessageConvertersConfiguration:
      Did not match:
         - @ConditionalOnClass did not find required 
class 'jakarta.json.bind.Jsonb' (OnClassCondition)

   JvmMetricsAutoConfiguration.VirtualThreadMetricsConfigu
ration:
      Did not match:
         - @ConditionalOnClass did not find required 
class 'io.micrometer.java21.instrument.binder.jdk.VirtualT
hreadMetrics' (OnClassCondition)

   KafkaAnnotationDrivenConfiguration#kafkaListenerContain
erFactoryConfigurerVirtualThreads:
      Did not match:
         - @ConditionalOnMissingBean (types: org.springfra
mework.boot.kafka.autoconfigure.ConcurrentKafkaListenerCon
tainerFactoryConfigurer; SearchStrategy: all) found beans 
of type 'org.springframework.boot.kafka.autoconfigure.Conc
urrentKafkaListenerContainerFactoryConfigurer' 
kafkaListenerContainerFactoryConfigurer (OnBeanCondition)

   KafkaAutoConfiguration#kafkaJaasInitializer:
      Did not match:
         - @ConditionalOnBooleanProperty 
(spring.kafka.jaas.enabled=true) did not find property 
'spring.kafka.jaas.enabled' (OnPropertyCondition)

   KafkaAutoConfiguration#kafkaRetryTopicConfiguration:
      Did not match:
         - @ConditionalOnBooleanProperty 
(spring.kafka.retry.topic.enabled=true) did not find 
property 'spring.kafka.retry.topic.enabled' 
(OnPropertyCondition)

   KafkaAutoConfiguration#kafkaTransactionManager:
      Did not match:
         - @ConditionalOnProperty 
(spring.kafka.producer.transaction-id-prefix) did not 
find property 
'spring.kafka.producer.transaction-id-prefix' 
(OnPropertyCondition)

   KafkaStreamsAnnotationDrivenConfiguration:
      Did not match:
         - @ConditionalOnClass did not find required 
class 'org.apache.kafka.streams.StreamsBuilder' 
(OnClassCondition)

   KairosMetricsExportAutoConfiguration:
      Did not match:
         - @ConditionalOnClass did not find required 
class 'io.micrometer.kairos.KairosMeterRegistry' 
(OnClassCondition)

   KotlinSerializationHttpMessageConvertersConfiguration:
      Did not match:
         - @ConditionalOnClass did not find required 
classes 'kotlinx.serialization.Serializable', 
'kotlinx.serialization.json.Json' (OnClassCondition)

   LettuceConnectionConfiguration#redisConnectionFactoryVi
rtualThreads:
      Did not match:
         - @ConditionalOnMissingBean (types: org.springfra
mework.data.redis.connection.RedisConnectionFactory; 
SearchStrategy: all) found beans of type 'org.springframew
ork.data.redis.connection.RedisConnectionFactory' 
redisConnectionFactory (OnBeanCondition)

   Log4J2MetricsAutoConfiguration:
      Did not match:
         - @ConditionalOnClass did not find required 
class 'org.apache.logging.log4j.core.LoggerContext' 
(OnClassCondition)

   LogFileWebEndpointAutoConfiguration:
      Did not match:
         - @ConditionalOnAvailableEndpoint not exposed 
(OnAvailableEndpointCondition)

   LoggersEndpointAutoConfiguration:
      Did not match:
         - @ConditionalOnAvailableEndpoint not exposed 
(OnAvailableEndpointCondition)

   ManagementContextAutoConfiguration.DifferentManagementC
ontextConfiguration:
      Did not match:
         - Management Port actual port type (SAME) did 
not match required type (DIFFERENT) 
(OnManagementPortCondition)

   MappingsEndpointAutoConfiguration:
      Did not match:
         - @ConditionalOnAvailableEndpoint not exposed 
(OnAvailableEndpointCondition)

   MessageSourceAutoConfiguration:
      Did not match:
         - ResourceBundle did not find bundle with 
basename messages 
(MessageSourceAutoConfiguration.ResourceBundleCondition)

   MetricsAspectsAutoConfiguration:
      Did not match:
         - @ConditionalOnBooleanProperty 
(management.observations.annotations.enabled=true) did 
not find property 
'management.observations.annotations.enabled' 
(OnPropertyCondition)
      Matched:
         - @ConditionalOnClass found required classes 
'io.micrometer.core.instrument.MeterRegistry', 
'org.aspectj.weaver.Advice' (OnClassCondition)

   MultipleOpenApiSupportConfiguration:
      Did not match:
         - AnyNestedCondition 0 matched 2 did not; 
NestedCondition on 
MultipleOpenApiSupportCondition.OnActuatorDifferentPort 
found non-matching nested conditions Management Port 
actual port type (SAME) did not match required type 
(DIFFERENT), @ConditionalOnProperty 
(springdoc.show-actuator) did not find property 
'springdoc.show-actuator'; NestedCondition on MultipleOpen
ApiSupportCondition.OnMultipleOpenApiSupportCondition 
AnyNestedCondition 0 matched 3 did not; NestedCondition 
on 
MultipleOpenApiGroupsCondition.OnListGroupedOpenApiBean 
@ConditionalOnBean (types: 
org.springdoc.core.models.GroupedOpenApi; SearchStrategy: 
all) did not find any beans of type 
org.springdoc.core.models.GroupedOpenApi; NestedCondition 
on MultipleOpenApiGroupsCondition.OnGroupConfigProperty 
@ConditionalOnProperty (springdoc.group-configs[0].group) 
did not find property 'springdoc.group-configs[0].group'; 
NestedCondition on 
MultipleOpenApiGroupsCondition.OnGroupedOpenApiBean 
@ConditionalOnBean (types: 
org.springdoc.core.models.GroupedOpenApi; SearchStrategy: 
all) did not find any beans of type 
org.springdoc.core.models.GroupedOpenApi 
(MultipleOpenApiSupportCondition)
      Matched:
         - found 'session' scope 
(OnWebApplicationCondition)
         - @ConditionalOnProperty 
(springdoc.api-docs.enabled) matched (OnPropertyCondition)

   MultipleOpenApiSupportConfiguration.SpringDocWebMvcActu
atorDifferentConfiguration:
      Did not match:
         - Management Port actual port type (SAME) did 
not match required type (DIFFERENT) 
(OnManagementPortCondition)
         - Ancestor org.springdoc.webmvc.core.configuratio
n.MultipleOpenApiSupportConfiguration did not match 
(ConditionEvaluationReport.AncestorsMatchedCondition)
      Matched:
         - @ConditionalOnClass found required class 'org.s
pringframework.boot.webmvc.actuate.endpoint.web.WebMvcEndp
ointHandlerMapping' (OnClassCondition)

   NewRelicMetricsExportAutoConfiguration:
      Did not match:
         - @ConditionalOnClass did not find required 
class 'io.micrometer.newrelic.NewRelicMeterRegistry' 
(OnClassCondition)

   NoOpMeterRegistryConfiguration:
      Did not match:
         - @ConditionalOnMissingBean (types: 
io.micrometer.core.instrument.MeterRegistry; 
SearchStrategy: all) found beans of type 
'io.micrometer.core.instrument.MeterRegistry' 
prometheusMeterRegistry (OnBeanCondition)

   
ObservationAutoConfiguration.ObservedAspectConfiguration:
      Did not match:
         - @ConditionalOnBooleanProperty 
(management.observations.annotations.enabled=true) did 
not find property 
'management.observations.annotations.enabled' 
(OnPropertyCondition)
      Matched:
         - @ConditionalOnClass found required class 
'org.aspectj.weaver.Advice' (OnClassCondition)

   OtlpMetricsExportAutoConfiguration:
      Did not match:
         - @ConditionalOnClass did not find required 
class 'io.micrometer.registry.otlp.OtlpMeterRegistry' 
(OnClassCondition)

   ProjectInfoAutoConfiguration#buildProperties:
      Did not match:
         - @ConditionalOnResource did not find resource '$
{spring.info.build.location:classpath:META-INF/build-info.
properties}' (OnResourceCondition)

   ProjectInfoAutoConfiguration#gitProperties:
      Did not match:
         - GitResource did not find git info at 
classpath:git.properties (ProjectInfoAutoConfiguration.Git
ResourceAvailableCondition)

   PrometheusMetricsExportAutoConfiguration.PrometheusPush
GatewayConfiguration:
      Did not match:
         - @ConditionalOnClass did not find required 
class 
'io.prometheus.metrics.exporter.pushgateway.PushGateway' 
(OnClassCondition)

   SbomEndpointAutoConfiguration:
      Did not match:
         - @ConditionalOnAvailableEndpoint not exposed 
(OnAvailableEndpointCondition)

   ScheduledTasksEndpointAutoConfiguration:
      Did not match:
         - @ConditionalOnAvailableEndpoint not exposed 
(OnAvailableEndpointCondition)

   ServletHttpExchangesAutoConfiguration:
      Did not match:
         - @ConditionalOnBean (types: org.springframework.
boot.actuate.web.exchanges.HttpExchangeRepository; 
SearchStrategy: all) did not find any beans of type org.sp
ringframework.boot.actuate.web.exchanges.HttpExchangeRepos
itory (OnBeanCondition)
      Matched:
         - found 'session' scope 
(OnWebApplicationCondition)
         - @ConditionalOnBooleanProperty 
(management.httpexchanges.recording.enabled=true) matched 
(OnPropertyCondition)

   ServletManagementContextAutoConfiguration.ApplicationCo
ntextFilterConfiguration:
      Did not match:
         - @ConditionalOnBooleanProperty 
(management.server.add-application-context-header=true) 
did not find property 
'management.server.add-application-context-header' 
(OnPropertyCondition)

   ServletMappingsAutoConfiguration:
      Did not match:
         - @ConditionalOnAvailableEndpoint not exposed 
(OnAvailableEndpointCondition)
      Matched:
         - @ConditionalOnClass found required classes 'org
.springframework.boot.actuate.autoconfigure.endpoint.condi
tion.ConditionalOnAvailableEndpoint', 'org.springframework
.boot.actuate.web.mappings.MappingsEndpoint' 
(OnClassCondition)
         - found 'session' scope 
(OnWebApplicationCondition)

   ServletWebServerConfiguration#forwardedHeaderFilter:
      Did not match:
         - @ConditionalOnProperty 
(server.forward-headers-strategy=framework) did not find 
property 'server.forward-headers-strategy' 
(OnPropertyCondition)

   ShutdownEndpointAutoConfiguration:
      Did not match:
         - @ConditionalOnAvailableEndpoint the configured 
access for endpoint 'shutdown' is NONE 
(OnAvailableEndpointCondition)

   SimpleMetricsExportAutoConfiguration:
      Did not match:
         - @ConditionalOnMissingBean (types: 
io.micrometer.core.instrument.MeterRegistry; 
SearchStrategy: all) found beans of type 
'io.micrometer.core.instrument.MeterRegistry' 
prometheusMeterRegistry (OnBeanCondition)
      Matched:
         - @ConditionalOnEnabledMetricsExport 
management.defaults.metrics.export.enabled is considered 
true (OnMetricsExportEnabledCondition)

   SpringApplicationAdminJmxAutoConfiguration:
      Did not match:
         - @ConditionalOnBooleanProperty 
(spring.application.admin.enabled=true) did not find 
property 'spring.application.admin.enabled' 
(OnPropertyCondition)

   SpringDocConfiguration#oas31ModelConverter:
      Did not match:
         - @ConditionalOnProperty 
(springdoc.explicit-object-schema=true) did not find 
property 'springdoc.explicit-object-schema' 
(OnPropertyCondition)

   SpringDocConfiguration#propertiesResolverForSchema:
      Did not match:
         - @ConditionalOnProperty 
(springdoc.api-docs.resolve-schema-properties) did not 
find property 
'springdoc.api-docs.resolve-schema-properties' 
(OnPropertyCondition)

   SpringDocConfiguration#propertyCustomizingConverter:
      Did not match:
         - @ConditionalOnBean (types: 
org.springdoc.core.customizers.PropertyCustomizer; 
SearchStrategy: all) did not find any beans of type 
org.springdoc.core.customizers.PropertyCustomizer 
(OnBeanCondition)

   
SpringDocConfiguration#springdocBeanFactoryPostProcessor:
      Did not match:
         - AnyNestedCondition 0 matched 2 did not; 
NestedCondition on 
CacheOrGroupedOpenApiCondition.OnCacheDisabled found 
non-matching nested conditions @ConditionalOnProperty 
(springdoc.cache.disabled) did not find property 
'springdoc.cache.disabled'; NestedCondition on CacheOrGrou
pedOpenApiCondition.OnMultipleOpenApiSupportCondition 
AnyNestedCondition 0 matched 2 did not; NestedCondition 
on 
MultipleOpenApiSupportCondition.OnActuatorDifferentPort 
found non-matching nested conditions Management Port 
actual port type (SAME) did not match required type 
(DIFFERENT), @ConditionalOnProperty 
(springdoc.show-actuator) did not find property 
'springdoc.show-actuator'; NestedCondition on MultipleOpen
ApiSupportCondition.OnMultipleOpenApiSupportCondition 
AnyNestedCondition 0 matched 3 did not; NestedCondition 
on 
MultipleOpenApiGroupsCondition.OnListGroupedOpenApiBean 
@ConditionalOnBean (types: 
org.springdoc.core.models.GroupedOpenApi; SearchStrategy: 
all) did not find any beans of type 
org.springdoc.core.models.GroupedOpenApi; NestedCondition 
on MultipleOpenApiGroupsCondition.OnGroupConfigProperty 
@ConditionalOnProperty (springdoc.group-configs[0].group) 
did not find property 'springdoc.group-configs[0].group'; 
NestedCondition on 
MultipleOpenApiGroupsCondition.OnGroupedOpenApiBean 
@ConditionalOnBean (types: 
org.springdoc.core.models.GroupedOpenApi; SearchStrategy: 
all) did not find any beans of type 
org.springdoc.core.models.GroupedOpenApi 
(CacheOrGroupedOpenApiCondition)
      Matched:
         - @ConditionalOnClass found required class 'org.s
pringframework.boot.context.properties.bind.BindResult' 
(OnClassCondition)

   
SpringDocConfiguration#springdocBeanFactoryPostProcessor2:
      Did not match:
         - @ConditionalOnMissingClass found unwanted 
class 'org.springframework.boot.context.properties.bind.Bi
ndResult' (OnClassCondition)

   SpringDocConfiguration.SpringDocActuatorConfiguration:
      Did not match:
         - @ConditionalOnProperty 
(springdoc.show-actuator) did not find property 
'springdoc.show-actuator' (OnPropertyCondition)
      Matched:
         - @ConditionalOnClass found required class 'org.s
pringframework.boot.actuate.autoconfigure.endpoint.web.Web
EndpointProperties' (OnClassCondition)

   SpringDocConfiguration.SpringDocRepositoryRestConfigura
tion:
      Did not match:
         - @ConditionalOnClass did not find required 
class 'org.springframework.data.rest.core.config.Repositor
yRestConfiguration' (OnClassCondition)

   SpringDocDataRestConfiguration:
      Did not match:
         - @ConditionalOnClass did not find required 
class 'org.springframework.data.rest.core.config.Repositor
yRestConfiguration' (OnClassCondition)

   SpringDocFunctionCatalogConfiguration:
      Did not match:
         - @ConditionalOnClass did not find required 
class 'org.springframework.cloud.function.web.function.Fun
ctionEndpointInitializer' (OnClassCondition)

   SpringDocGroovyConfiguration:
      Did not match:
         - @ConditionalOnClass did not find required 
class 'groovy.lang.MetaClass' (OnClassCondition)

   SpringDocHateoasConfiguration:
      Did not match:
         - @ConditionalOnClass did not find required 
class 
'org.springframework.hateoas.server.LinkRelationProvider' 
(OnClassCondition)

   SpringDocJacksonKotlinModuleConfiguration:
      Did not match:
         - @ConditionalOnClass did not find required 
class 'com.fasterxml.jackson.module.kotlin.KotlinModule' 
(OnClassCondition)

   SpringDocJavadocConfiguration:
      Did not match:
         - @ConditionalOnClass did not find required 
class 
'com.github.therapi.runtimejavadoc.CommentFormatter' 
(OnClassCondition)

   SpringDocKotlinConfiguration:
      Did not match:
         - @ConditionalOnClass did not find required 
class 'kotlin.coroutines.Continuation' (OnClassCondition)

   SpringDocKotlinxConfiguration:
      Did not match:
         - @ConditionalOnClass did not find required 
class 'kotlinx.coroutines.flow.Flow' (OnClassCondition)

   SpringDocSecurityConfiguration:
      Did not match:
         - @ConditionalOnClass did not find required 
class 
'org.springframework.security.web.SecurityFilterChain' 
(OnClassCondition)

   SpringDocSortConfiguration#dataRestDelegatingMethodPara
meterCustomizer:
      Did not match:
         - @ConditionalOnMissingBean (types: org.springdoc
.core.customizers.DataRestDelegatingMethodParameterCustomi
zer; SearchStrategy: all) found beans of type 'org.springd
oc.core.customizers.DataRestDelegatingMethodParameterCusto
mizer' dataRestDelegatingMethodParameterCustomizer 
(OnBeanCondition)

   SpringDocWebMvcConfiguration.SpringDocWebMvcActuatorCon
figuration#actuatorProvider:
      Did not match:
         - @ConditionalOnExpression 
(#{${springdoc.show-actuator:false} or 
${springdoc.use-management-port:false}}) resulted in 
false (OnExpressionCondition)

   SpringDocWebMvcConfiguration.SpringDocWebMvcActuatorCon
figuration#openApiActuatorResource:
      Did not match:
         - @ConditionalOnExpression 
(#{${springdoc.use-management-port:false} and 
${springdoc.enable-default-api-docs:true}}) resulted in 
false (OnExpressionCondition)

   StackdriverMetricsExportAutoConfiguration:
      Did not match:
         - @ConditionalOnClass did not find required 
class 
'io.micrometer.stackdriver.StackdriverMeterRegistry' 
(OnClassCondition)

   StartupEndpointAutoConfiguration:
      Did not match:
         - ApplicationStartup configured 
applicationStartup is of type class org.springframework.co
re.metrics.DefaultApplicationStartup, expected 
BufferingApplicationStartup. (StartupEndpointAutoConfigura
tion.ApplicationStartupCondition)

   StatsdMetricsExportAutoConfiguration:
      Did not match:
         - @ConditionalOnClass did not find required 
class 'io.micrometer.statsd.StatsdMeterRegistry' 
(OnClassCondition)

   SwaggerConfig#springWebProvider:
      Did not match:
         - @ConditionalOnMissingBean (types: 
org.springdoc.core.providers.SpringWebProvider; 
SearchStrategy: all) found beans of type 
'org.springdoc.core.providers.SpringWebProvider' 
springWebProvider (OnBeanCondition)

   SwaggerConfig#swaggerUiHome:
      Did not match:
         - @ConditionalOnProperty 
(springdoc.swagger-ui.use-root-path=true) did not find 
property 'springdoc.swagger-ui.use-root-path' 
(OnPropertyCondition)

   SwaggerConfig.SwaggerActuatorWelcomeConfiguration:
      Did not match:
         - @ConditionalOnProperty 
(springdoc.use-management-port) did not find property 
'springdoc.use-management-port' (OnPropertyCondition)
      Matched:
         - @ConditionalOnClass found required class 'org.s
pringframework.boot.webmvc.actuate.endpoint.web.WebMvcEndp
ointHandlerMapping' (OnClassCondition)

   TaskExecutorConfigurations.AsyncConfigurerWrapperConfig
uration:
      Did not match:
         - @ConditionalOnBean (types: org.springframework.
scheduling.annotation.AsyncConfigurer; SearchStrategy: 
all) did not find any beans of type 
org.springframework.scheduling.annotation.AsyncConfigurer 
(OnBeanCondition)

   TaskExecutorConfigurations.SimpleAsyncTaskExecutorBuild
erConfiguration#simpleAsyncTaskExecutorBuilderVirtualThrea
ds:
      Did not match:
         - @ConditionalOnMissingBean (types: org.springfra
mework.boot.task.SimpleAsyncTaskExecutorBuilder; 
SearchStrategy: all) found beans of type 'org.springframew
ork.boot.task.SimpleAsyncTaskExecutorBuilder' 
simpleAsyncTaskExecutorBuilder (OnBeanCondition)

   TaskExecutorConfigurations.TaskExecutorConfiguration#ap
plicationTaskExecutorVirtualThreads:
      Did not match:
         - @ConditionalOnThreading did not find VIRTUAL 
(OnThreadingCondition)

   TaskSchedulingAutoConfiguration#scheduledBeanLazyInitia
lizationExcludeFilter:
      Did not match:
         - @ConditionalOnBean (names: org.springframework.
scheduling.config.internalScheduledAnnotationProcessor; 
SearchStrategy: all) did not find any beans named org.spri
ngframework.scheduling.config.internalScheduledAnnotationP
rocessor (OnBeanCondition)

   TaskSchedulingConfigurations.SimpleAsyncTaskSchedulerBu
ilderConfiguration#simpleAsyncTaskSchedulerBuilderVirtualT
hreads:
      Did not match:
         - @ConditionalOnMissingBean (types: org.springfra
mework.boot.task.SimpleAsyncTaskSchedulerBuilder; 
SearchStrategy: all) found beans of type 'org.springframew
ork.boot.task.SimpleAsyncTaskSchedulerBuilder' 
simpleAsyncTaskSchedulerBuilder (OnBeanCondition)

   
TaskSchedulingConfigurations.TaskSchedulerConfiguration:
      Did not match:
         - @ConditionalOnBean (names: org.springframework.
scheduling.config.internalScheduledAnnotationProcessor; 
SearchStrategy: all) did not find any beans named org.spri
ngframework.scheduling.config.internalScheduledAnnotationP
rocessor (OnBeanCondition)

   ThreadDumpEndpointAutoConfiguration:
      Did not match:
         - @ConditionalOnAvailableEndpoint not exposed 
(OnAvailableEndpointCondition)

   TomcatReactiveManagementContextAutoConfiguration:
      Did not match:
         - @ConditionalOnWebApplication did not find 
reactive web application classes 
(OnWebApplicationCondition)

   TomcatReactiveWebServerAutoConfiguration:
      Did not match:
         - @ConditionalOnWebApplication did not find 
reactive web application classes 
(OnWebApplicationCondition)

   TomcatServletManagementContextAutoConfiguration:
      Did not match:
         - Management Port actual port type (SAME) did 
not match required type (DIFFERENT) 
(OnManagementPortCondition)
      Matched:
         - @ConditionalOnClass found required class 'org.s
pringframework.boot.actuate.autoconfigure.web.server.Manag
ementContextFactory' (OnClassCondition)
         - found 'session' scope 
(OnWebApplicationCondition)
2026-03-22T18:28:20.026+05:30  INFO 19496 --- [payroute] [           main] .s.b.a.l.ConditionEvaluationReportLogger : 

Error starting ApplicationContext. To display the condition evaluation report re-run your application with 'debug' enabled.
2026-03-22T18:28:20.072+05:30 ERROR 19496 --- [payroute] [           main] o.s.b.d.LoggingFailureAnalysisReporter   : 

***************************
APPLICATION FAILED TO START
***************************

Description:

Failed to configure a DataSource: 'url' attribute is not specified and no embedded datasource could be configured.

Reason: Failed to determine suitable jdbc url


Action:

Consider the following:
	If you want an embedded database (H2, HSQL or Derby), please put it on the classpath.
	If you have database settings to be loaded from a particular profile you may need to activate it (the profiles test are currently active).

2026-03-22T18:28:20.080+05:30  WARN 19496 --- [payroute] [           main] o.s.test.context.TestContextManager      : Caught exception while allowing TestExecutionListener [org.springframework.test.context.web.ServletTestExecutionListener] to prepare test instance [com.payroute.orchestrate.OrchestrateApplicationTests@500ec769]

java.lang.IllegalStateException: Failed to load ApplicationContext for [WebMergedContextConfiguration@7aa3857b testClass = com.payroute.orchestrate.OrchestrateApplicationTests, locations = [], classes = [com.payroute.orchestrate.OrchestrateApplication], contextInitializerClasses = [], activeProfiles = ["test"], propertySourceDescriptors = [], propertySourceProperties = ["org.springframework.boot.test.context.SpringBootTestContextBootstrapper=true"], contextCustomizers = [org.springframework.boot.web.server.context.SpringBootTestRandomPortContextCustomizer@751d3241, org.springframework.boot.test.context.PropertyMappingContextCustomizer@0, org.springframework.boot.test.context.filter.ExcludeFilterContextCustomizer@71e5f61d, org.springframework.boot.test.json.DuplicateJsonObjectContextCustomizerFactory$DuplicateJsonObjectContextCustomizer@62679465, org.springframework.boot.test.autoconfigure.OnFailureConditionReportContextCustomizerFactory$OnFailureConditionReportContextCustomizer@5b6813df, org.springframework.test.context.support.DynamicPropertiesContextCustomizer@0, org.springframework.boot.test.context.SpringBootTestAnnotation@946d1227], resourceBasePath = "src/main/webapp", contextLoader = org.springframework.boot.test.context.SpringBootContextLoader, parent = null]
	at org.springframework.test.context.cache.DefaultCacheAwareContextLoaderDelegate.lambda$loadContext$0(DefaultCacheAwareContextLoaderDelegate.java:195) ~[spring-test-7.0.6.jar:7.0.6]
	at org.springframework.test.context.cache.DefaultContextCache.put(DefaultContextCache.java:214) ~[spring-test-7.0.6.jar:7.0.6]
	at org.springframework.test.context.cache.DefaultCacheAwareContextLoaderDelegate.loadContext(DefaultCacheAwareContextLoaderDelegate.java:160) ~[spring-test-7.0.6.jar:7.0.6]
	at org.springframework.test.context.support.DefaultTestContext.getApplicationContext(DefaultTestContext.java:128) ~[spring-test-7.0.6.jar:7.0.6]
	at org.springframework.test.context.web.ServletTestExecutionListener.setUpRequestContextIfNecessary(ServletTestExecutionListener.java:200) ~[spring-test-7.0.6.jar:7.0.6]
	at org.springframework.test.context.web.ServletTestExecutionListener.prepareTestInstance(ServletTestExecutionListener.java:139) ~[spring-test-7.0.6.jar:7.0.6]
	at org.springframework.test.context.TestContextManager.prepareTestInstance(TestContextManager.java:260) ~[spring-test-7.0.6.jar:7.0.6]
	at org.springframework.test.context.junit.jupiter.SpringExtension.postProcessTestInstance(SpringExtension.java:210) ~[spring-test-7.0.6.jar:7.0.6]
	at org.junit.jupiter.engine.descriptor.ClassBasedTestDescriptor.lambda$invokeTestInstancePostProcessors$1(ClassBasedTestDescriptor.java:423) ~[junit-jupiter-engine-6.0.3.jar:6.0.3]
	at org.junit.jupiter.engine.descriptor.ClassBasedTestDescriptor.executeAndMaskThrowable(ClassBasedTestDescriptor.java:428) ~[junit-jupiter-engine-6.0.3.jar:6.0.3]
	at org.junit.jupiter.engine.descriptor.ClassBasedTestDescriptor.lambda$invokeTestInstancePostProcessors$0(ClassBasedTestDescriptor.java:422) ~[junit-jupiter-engine-6.0.3.jar:6.0.3]
	at java.base/java.util.stream.ForEachOps$ForEachOp$OfRef.accept(ForEachOps.java:184) ~[na:na]
	at java.base/java.util.stream.ReferencePipeline$3$1.accept(ReferencePipeline.java:197) ~[na:na]
	at java.base/java.util.stream.ReferencePipeline$2$1.accept(ReferencePipeline.java:179) ~[na:na]
	at java.base/java.util.stream.ReferencePipeline$3$1.accept(ReferencePipeline.java:197) ~[na:na]
	at java.base/java.util.ArrayList$ArrayListSpliterator.forEachRemaining(ArrayList.java:1708) ~[na:na]
	at java.base/java.util.stream.AbstractPipeline.copyInto(AbstractPipeline.java:509) ~[na:na]
	at java.base/java.util.stream.AbstractPipeline.wrapAndCopyInto(AbstractPipeline.java:499) ~[na:na]
	at java.base/java.util.stream.ForEachOps$ForEachOp.evaluateSequential(ForEachOps.java:151) ~[na:na]
	at java.base/java.util.stream.ForEachOps$ForEachOp$OfRef.evaluateSequential(ForEachOps.java:174) ~[na:na]
	at java.base/java.util.stream.AbstractPipeline.evaluate(AbstractPipeline.java:234) ~[na:na]
	at java.base/java.util.stream.ReferencePipeline.forEach(ReferencePipeline.java:596) ~[na:na]
	at org.junit.jupiter.engine.descriptor.ClassBasedTestDescriptor.invokeTestInstancePostProcessors(ClassBasedTestDescriptor.java:422) ~[junit-jupiter-engine-6.0.3.jar:6.0.3]
	at org.junit.jupiter.engine.descriptor.ClassBasedTestDescriptor.lambda$instantiateAndPostProcessTestInstance$0(ClassBasedTestDescriptor.java:334) ~[junit-jupiter-engine-6.0.3.jar:6.0.3]
	at org.junit.platform.engine.support.hierarchical.ThrowableCollector.execute(ThrowableCollector.java:74) ~[junit-platform-engine-6.0.3.jar:6.0.3]
	at org.junit.jupiter.engine.descriptor.ClassBasedTestDescriptor.instantiateAndPostProcessTestInstance(ClassBasedTestDescriptor.java:333) ~[junit-jupiter-engine-6.0.3.jar:6.0.3]
	at org.junit.jupiter.engine.descriptor.ClassBasedTestDescriptor.lambda$testInstancesProvider$1(ClassBasedTestDescriptor.java:322) ~[junit-jupiter-engine-6.0.3.jar:6.0.3]
	at java.base/java.util.Optional.orElseGet(Optional.java:364) ~[na:na]

   TomcatServletWebServerAutoConfiguration#tomcatForwarded
HeaderFilterCustomizer:
      Did not match:
         - @ConditionalOnProperty 
(server.forward-headers-strategy=framework) did not find 
property 'server.forward-headers-strategy' 
(OnPropertyCondition)

   TomcatWebServerConfiguration:
      Did not match:
         - Application is deployed as a WAR file. 
(OnWarDeploymentCondition)

   TransactionAutoConfiguration#transactionalOperator:
      Did not match:
         - @ConditionalOnSingleCandidate (types: org.sprin
gframework.transaction.ReactiveTransactionManager; 
SearchStrategy: all) did not find any beans 
(OnBeanCondition)

   TransactionAutoConfiguration.AspectJTransactionManageme
ntConfiguration:
      Did not match:
         - @ConditionalOnBean (types: org.springframework.
transaction.aspectj.AbstractTransactionAspect; 
SearchStrategy: all) did not find any beans of type org.sp
ringframework.transaction.aspectj.AbstractTransactionAspec
t (OnBeanCondition)

   TransactionAutoConfiguration.EnableTransactionManagemen
tConfiguration.JdkDynamicAutoProxyConfiguration:
      Did not match:
         - @ConditionalOnBooleanProperty 
(spring.aop.proxy-target-class=false) did not find 
property 'spring.aop.proxy-target-class' 
(OnPropertyCondition)

   WebMvcAutoConfiguration#hiddenHttpMethodFilter:
      Did not match:
         - @ConditionalOnBooleanProperty 
(spring.mvc.hiddenmethod.filter.enabled=true) did not 
find property 'spring.mvc.hiddenmethod.filter.enabled' 
(OnPropertyCondition)

   WebMvcAutoConfiguration.ProblemDetailsErrorHandlingConf
iguration:
      Did not match:
         - @ConditionalOnBooleanProperty 
(spring.mvc.problemdetails.enabled=true) did not find 
property 'spring.mvc.problemdetails.enabled' 
(OnPropertyCondition)

   WebMvcAutoConfiguration.WebMvcAutoConfigurationAdapter#
beanNameViewResolver:
      Did not match:
         - @ConditionalOnMissingBean (types: org.springfra
mework.web.servlet.view.BeanNameViewResolver; 
SearchStrategy: all) found beans of type 'org.springframew
ork.web.servlet.view.BeanNameViewResolver' 
beanNameViewResolver (OnBeanCondition)

   WebMvcEndpointManagementContextConfiguration.HealthConf
iguration#managementHealthEndpointWebMvcHandlerMapping:
      Did not match:
         - Management Port actual port type (SAME) did 
not match required type (DIFFERENT) 
(OnManagementPortCondition)

   WebMvcMappingsAutoConfiguration:
      Did not match:
         - @ConditionalOnAvailableEndpoint not exposed 
(OnAvailableEndpointCondition)
      Matched:
         - @ConditionalOnClass found required classes 'org
.springframework.boot.actuate.autoconfigure.endpoint.condi
tion.ConditionalOnAvailableEndpoint', 
'org.springframework.web.servlet.DispatcherServlet', 'org.
springframework.boot.actuate.web.mappings.MappingsEndpoint
' (OnClassCondition)
         - found 'session' scope 
(OnWebApplicationCondition)

   XADataSourceAutoConfiguration:
      Did not match:
         - @ConditionalOnBean (types: 
org.springframework.boot.jdbc.XADataSourceWrapper; 
SearchStrategy: all) did not find any beans of type 
org.springframework.boot.jdbc.XADataSourceWrapper 
(OnBeanCondition)
      Matched:
         - @ConditionalOnClass found required classes 
'javax.sql.DataSource', 
'jakarta.transaction.TransactionManager', 'org.springframe
work.jdbc.datasource.embedded.EmbeddedDatabaseType' 
(OnClassCondition)


Exclusions:
-----------

	at org.junit.jupiter.engine.descriptor.ClassBasedTestDescriptor.lambda$testInstancesProvider$0(ClassBasedTestDescriptor.java:321) ~[junit-jupiter-engine-6.0.3.jar:6.0.3]
	at org.junit.jupiter.engine.execution.TestInstancesProvider.getTestInstances(TestInstancesProvider.java:27) ~[junit-jupiter-engine-6.0.3.jar:6.0.3]
	at org.junit.jupiter.engine.descriptor.TestMethodTestDescriptor.lambda$prepare$0(TestMethodTestDescriptor.java:127) ~[junit-jupiter-engine-6.0.3.jar:6.0.3]
	at org.junit.platform.engine.support.hierarchical.ThrowableCollector.execute(ThrowableCollector.java:74) ~[junit-platform-engine-6.0.3.jar:6.0.3]
	at org.junit.jupiter.engine.descriptor.TestMethodTestDescriptor.prepare(TestMethodTestDescriptor.java:126) ~[junit-jupiter-engine-6.0.3.jar:6.0.3]
	at org.junit.jupiter.engine.descriptor.TestMethodTestDescriptor.prepare(TestMethodTestDescriptor.java:70) ~[junit-jupiter-engine-6.0.3.jar:6.0.3]
	at org.junit.platform.engine.support.hierarchical.NodeTestTask.lambda$prepare$0(NodeTestTask.java:144) ~[junit-platform-engine-6.0.3.jar:6.0.3]
	at org.junit.platform.engine.support.hierarchical.ThrowableCollector.execute(ThrowableCollector.java:74) ~[junit-platform-engine-6.0.3.jar:6.0.3]
	at org.junit.platform.engine.support.hierarchical.NodeTestTask.prepare(NodeTestTask.java:144) ~[junit-platform-engine-6.0.3.jar:6.0.3]
	at org.junit.platform.engine.support.hierarchical.NodeTestTask.execute(NodeTestTask.java:110) ~[junit-platform-engine-6.0.3.jar:6.0.3]
	at java.base/java.util.ArrayList.forEach(ArrayList.java:1596) ~[na:na]
	at org.junit.platform.engine.support.hierarchical.SameThreadHierarchicalTestExecutorService.invokeAll(SameThreadHierarchicalTestExecutorService.java:42) ~[junit-platform-engine-6.0.3.jar:6.0.3]
	at org.junit.platform.engine.support.hierarchical.NodeTestTask.lambda$executeRecursively$2(NodeTestTask.java:180) ~[junit-platform-engine-6.0.3.jar:6.0.3]
	at org.junit.platform.engine.support.hierarchical.ThrowableCollector.execute(ThrowableCollector.java:74) ~[junit-platform-engine-6.0.3.jar:6.0.3]
	at org.junit.platform.engine.support.hierarchical.NodeTestTask.lambda$executeRecursively$1(NodeTestTask.java:166) ~[junit-platform-engine-6.0.3.jar:6.0.3]
	at org.junit.platform.engine.support.hierarchical.Node.around(Node.java:138) ~[junit-platform-engine-6.0.3.jar:6.0.3]
	at org.junit.platform.engine.support.hierarchical.NodeTestTask.lambda$executeRecursively$0(NodeTestTask.java:164) ~[junit-platform-engine-6.0.3.jar:6.0.3]
	at org.junit.platform.engine.support.hierarchical.ThrowableCollector.execute(ThrowableCollector.java:74) ~[junit-platform-engine-6.0.3.jar:6.0.3]
	at org.junit.platform.engine.support.hierarchical.NodeTestTask.executeRecursively(NodeTestTask.java:163) ~[junit-platform-engine-6.0.3.jar:6.0.3]
	at org.junit.platform.engine.support.hierarchical.NodeTestTask.execute(NodeTestTask.java:116) ~[junit-platform-engine-6.0.3.jar:6.0.3]
	at java.base/java.util.ArrayList.forEach(ArrayList.java:1596) ~[na:na]
	at org.junit.platform.engine.support.hierarchical.SameThreadHierarchicalTestExecutorService.invokeAll(SameThreadHierarchicalTestExecutorService.java:42) ~[junit-platform-engine-6.0.3.jar:6.0.3]
	at org.junit.platform.engine.support.hierarchical.NodeTestTask.lambda$executeRecursively$2(NodeTestTask.java:180) ~[junit-platform-engine-6.0.3.jar:6.0.3]
	at org.junit.platform.engine.support.hierarchical.ThrowableCollector.execute(ThrowableCollector.java:74) ~[junit-platform-engine-6.0.3.jar:6.0.3]
	at org.junit.platform.engine.support.hierarchical.NodeTestTask.lambda$executeRecursively$1(NodeTestTask.java:166) ~[junit-platform-engine-6.0.3.jar:6.0.3]
	at org.junit.platform.engine.support.hierarchical.Node.around(Node.java:138) ~[junit-platform-engine-6.0.3.jar:6.0.3]
	at org.junit.platform.engine.support.hierarchical.NodeTestTask.lambda$executeRecursively$0(NodeTestTask.java:164) ~[junit-platform-engine-6.0.3.jar:6.0.3]
	at org.junit.platform.engine.support.hierarchical.ThrowableCollector.execute(ThrowableCollector.java:74) ~[junit-platform-engine-6.0.3.jar:6.0.3]
	at org.junit.platform.engine.support.hierarchical.NodeTestTask.executeRecursively(NodeTestTask.java:163) ~[junit-platform-engine-6.0.3.jar:6.0.3]
	at org.junit.platform.engine.support.hierarchical.NodeTestTask.execute(NodeTestTask.java:116) ~[junit-platform-engine-6.0.3.jar:6.0.3]
	at org.junit.platform.engine.support.hierarchical.SameThreadHierarchicalTestExecutorService.submit(SameThreadHierarchicalTestExecutorService.java:36) ~[junit-platform-engine-6.0.3.jar:6.0.3]
	at org.junit.platform.engine.support.hierarchical.HierarchicalTestExecutor.execute(HierarchicalTestExecutor.java:52) ~[junit-platform-engine-6.0.3.jar:6.0.3]
	at org.junit.platform.engine.support.hierarchical.HierarchicalTestEngine.execute(HierarchicalTestEngine.java:58) ~[junit-platform-engine-6.0.3.jar:6.0.3]
	at org.junit.platform.launcher.core.EngineExecutionOrchestrator.executeEngine(EngineExecutionOrchestrator.java:246) ~[junit-platform-launcher-6.0.3.jar:6.0.3]
	at org.junit.platform.launcher.core.EngineExecutionOrchestrator.failOrExecuteEngine(EngineExecutionOrchestrator.java:218) ~[junit-platform-launcher-6.0.3.jar:6.0.3]
	at org.junit.platform.launcher.core.EngineExecutionOrchestrator.execute(EngineExecutionOrchestrator.java:179) ~[junit-platform-launcher-6.0.3.jar:6.0.3]
	at org.junit.platform.launcher.core.EngineExecutionOrchestrator.execute(EngineExecutionOrchestrator.java:108) ~[junit-platform-launcher-6.0.3.jar:6.0.3]
	at org.junit.platform.launcher.core.EngineExecutionOrchestrator.lambda$execute$0(EngineExecutionOrchestrator.java:66) ~[junit-platform-launcher-6.0.3.jar:6.0.3]
	at org.junit.platform.launcher.core.EngineExecutionOrchestrator.withInterceptedStreams(EngineExecutionOrchestrator.java:157) ~[junit-platform-launcher-6.0.3.jar:6.0.3]
	at org.junit.platform.launcher.core.EngineExecutionOrchestrator.execute(EngineExecutionOrchestrator.java:65) ~[junit-platform-launcher-6.0.3.jar:6.0.3]
	at org.junit.platform.launcher.core.DefaultLauncher.execute(DefaultLauncher.java:125) ~[junit-platform-launcher-6.0.3.jar:6.0.3]
    org.springframework.boot.autoconfigure.jdbc.DataSource
AutoConfiguration

    org.springframework.boot.autoconfigure.kafka.KafkaAuto
Configuration

    org.springframework.boot.autoconfigure.data.redis.Redi
sAutoConfiguration

    org.springframework.boot.autoconfigure.flyway.FlywayAu
toConfiguration

    org.springframework.boot.autoconfigure.orm.jpa.Hiberna
teJpaAutoConfiguration


Unconditional classes:
	at org.junit.platform.launcher.core.DefaultLauncher.execute(DefaultLauncher.java:114) ~[junit-platform-launcher-6.0.3.jar:6.0.3]
	at org.junit.platform.launcher.core.DelegatingLauncher.execute(DelegatingLauncher.java:58) ~[junit-platform-launcher-6.0.3.jar:6.0.3]
	at org.junit.platform.launcher.core.InterceptingLauncher.lambda$execute$2(InterceptingLauncher.java:57) ~[junit-platform-launcher-6.0.3.jar:6.0.3]
	at org.junit.platform.launcher.core.ClasspathAlignmentCheckingLauncherInterceptor.intercept(ClasspathAlignmentCheckingLauncherInterceptor.java:25) ~[junit-platform-launcher-6.0.3.jar:6.0.3]
	at org.junit.platform.launcher.core.InterceptingLauncher.execute(InterceptingLauncher.java:56) ~[junit-platform-launcher-6.0.3.jar:6.0.3]
	at org.junit.platform.launcher.core.DelegatingLauncher.execute(DelegatingLauncher.java:58) ~[junit-platform-launcher-6.0.3.jar:6.0.3]
	at java.base/jdk.internal.reflect.DirectMethodHandleAccessor.invoke(DirectMethodHandleAccessor.java:103) ~[na:na]
	at java.base/java.lang.reflect.Method.invoke(Method.java:580) ~[na:na]
	at org.apache.maven.surefire.api.util.ReflectionUtils.invokeMethodWithArray(ReflectionUtils.java:125) ~[surefire-api-3.5.5.jar:3.5.5]
	at org.apache.maven.surefire.junitplatform.LauncherAdapter.executeWithCancellationToken(LauncherAdapter.java:68) ~[surefire-junit-platform-3.5.5.jar:3.5.5]
	at org.apache.maven.surefire.junitplatform.LauncherAdapter.execute(LauncherAdapter.java:54) ~[surefire-junit-platform-3.5.5.jar:3.5.5]
	at org.apache.maven.surefire.junitplatform.JUnitPlatformProvider.execute(JUnitPlatformProvider.java:203) ~[surefire-junit-platform-3.5.5.jar:3.5.5]
	at org.apache.maven.surefire.junitplatform.JUnitPlatformProvider.invokeAllTests(JUnitPlatformProvider.java:168) ~[surefire-junit-platform-3.5.5.jar:3.5.5]
	at org.apache.maven.surefire.junitplatform.JUnitPlatformProvider.invoke(JUnitPlatformProvider.java:136) ~[surefire-junit-platform-3.5.5.jar:3.5.5]
	at org.apache.maven.surefire.booter.ForkedBooter.runSuitesInProcess(ForkedBooter.java:385) ~[surefire-booter-3.5.5.jar:3.5.5]
	at org.apache.maven.surefire.booter.ForkedBooter.execute(ForkedBooter.java:162) ~[surefire-booter-3.5.5.jar:3.5.5]
	at org.apache.maven.surefire.booter.ForkedBooter.run(ForkedBooter.java:507) ~[surefire-booter-3.5.5.jar:3.5.5]
	at org.apache.maven.surefire.booter.ForkedBooter.main(ForkedBooter.java:495) ~[surefire-booter-3.5.5.jar:3.5.5]
----------------------

    org.springframework.boot.health.autoconfigure.registry
.HealthContributorRegistryAutoConfiguration

    org.springframework.boot.autoconfigure.context.Configu
rationPropertiesAutoConfiguration

    org.springframework.boot.autoconfigure.ssl.SslAutoConf
iguration

    org.springframework.boot.actuate.autoconfigure.info.In
foContributorAutoConfiguration

    org.springframework.boot.autoconfigure.context.Propert
yPlaceholderAutoConfiguration

    org.springframework.boot.autoconfigure.context.Lifecyc
leAutoConfiguration

    org.springdoc.core.configuration.SpringDocSpecProperti
esConfiguration

    org.springframework.boot.actuate.autoconfigure.endpoin
t.EndpointAutoConfiguration

    org.springframework.boot.autoconfigure.availability.Ap
plicationAvailabilityAutoConfiguration

    org.springframework.boot.health.autoconfigure.contribu
tor.HealthContributorAutoConfiguration

    org.springframework.boot.autoconfigure.info.ProjectInf
oAutoConfiguration

    org.springframework.boot.actuate.autoconfigure.web.ser
ver.ManagementContextAutoConfiguration



Caused by: org.springframework.beans.factory.BeanCreationException: Error creating bean with name 'entityManagerFactory' defined in class path resource [org/springframework/boot/hibernate/autoconfigure/HibernateJpaConfiguration.class]: Failed to initialize dependency 'dataSourceScriptDatabaseInitializer' of LoadTimeWeaverAware bean 'entityManagerFactory': Error creating bean with name 'dataSourceScriptDatabaseInitializer' defined in class path resource [org/springframework/boot/jdbc/autoconfigure/DataSourceInitializationAutoConfiguration.class]: Unsatisfied dependency expressed through method 'dataSourceScriptDatabaseInitializer' parameter 0: Error creating bean with name 'dataSource' defined in class path resource [org/springframework/boot/jdbc/autoconfigure/DataSourceConfiguration$Hikari.class]: Failed to instantiate [com.zaxxer.hikari.HikariDataSource]: Factory method 'dataSource' threw exception with message: Failed to determine suitable jdbc url
	at org.springframework.beans.factory.support.AbstractBeanFactory.doGetBean(AbstractBeanFactory.java:322) ~[spring-beans-7.0.6.jar:7.0.6]
	at org.springframework.beans.factory.support.AbstractBeanFactory.getBean(AbstractBeanFactory.java:201) ~[spring-beans-7.0.6.jar:7.0.6]
	at org.springframework.context.support.AbstractApplicationContext.finishBeanFactoryInitialization(AbstractApplicationContext.java:977) ~[spring-context-7.0.6.jar:7.0.6]
	at org.springframework.context.support.AbstractApplicationContext.refresh(AbstractApplicationContext.java:621) ~[spring-context-7.0.6.jar:7.0.6]
	at org.springframework.boot.SpringApplication.refresh(SpringApplication.java:756) ~[spring-boot-4.0.4.jar:4.0.4]
	at org.springframework.boot.SpringApplication.refreshContext(SpringApplication.java:445) ~[spring-boot-4.0.4.jar:4.0.4]
	at org.springframework.boot.SpringApplication.run(SpringApplication.java:321) ~[spring-boot-4.0.4.jar:4.0.4]
	at org.springframework.boot.test.context.SpringBootContextLoader.lambda$loadContext$2(SpringBootContextLoader.java:155) ~[spring-boot-test-4.0.4.jar:4.0.4]
	at org.springframework.util.function.ThrowingSupplier.get(ThrowingSupplier.java:58) ~[spring-core-7.0.6.jar:7.0.6]
	at org.springframework.util.function.ThrowingSupplier.get(ThrowingSupplier.java:46) ~[spring-core-7.0.6.jar:7.0.6]
	at org.springframework.boot.SpringApplication.withHook(SpringApplication.java:1465) ~[spring-boot-4.0.4.jar:4.0.4]
	at org.springframework.boot.test.context.SpringBootContextLoader$ContextLoaderHook.run(SpringBootContextLoader.java:600) ~[spring-boot-test-4.0.4.jar:4.0.4]
	at org.springframework.boot.test.context.SpringBootContextLoader.loadContext(SpringBootContextLoader.java:155) ~[spring-boot-test-4.0.4.jar:4.0.4]
	at org.springframework.boot.test.context.SpringBootContextLoader.loadContext(SpringBootContextLoader.java:114) ~[spring-boot-test-4.0.4.jar:4.0.4]
	at org.springframework.test.context.cache.DefaultCacheAwareContextLoaderDelegate.loadContextInternal(DefaultCacheAwareContextLoaderDelegate.java:247) ~[spring-test-7.0.6.jar:7.0.6]
	at org.springframework.test.context.cache.DefaultCacheAwareContextLoaderDelegate.lambda$loadContext$0(DefaultCacheAwareContextLoaderDelegate.java:167) ~[spring-test-7.0.6.jar:7.0.6]
	... 86 common frames omitted
Caused by: org.springframework.beans.factory.UnsatisfiedDependencyException: Error creating bean with name 'dataSourceScriptDatabaseInitializer' defined in class path resource [org/springframework/boot/jdbc/autoconfigure/DataSourceInitializationAutoConfiguration.class]: Unsatisfied dependency expressed through method 'dataSourceScriptDatabaseInitializer' parameter 0: Error creating bean with name 'dataSource' defined in class path resource [org/springframework/boot/jdbc/autoconfigure/DataSourceConfiguration$Hikari.class]: Failed to instantiate [com.zaxxer.hikari.HikariDataSource]: Factory method 'dataSource' threw exception with message: Failed to determine suitable jdbc url
	at org.springframework.beans.factory.support.ConstructorResolver.createArgumentArray(ConstructorResolver.java:804) ~[spring-beans-7.0.6.jar:7.0.6]
	at org.springframework.beans.factory.support.ConstructorResolver.instantiateUsingFactoryMethod(ConstructorResolver.java:546) ~[spring-beans-7.0.6.jar:7.0.6]
	at org.springframework.beans.factory.support.AbstractAutowireCapableBeanFactory.instantiateUsingFactoryMethod(AbstractAutowireCapableBeanFactory.java:1362) ~[spring-beans-7.0.6.jar:7.0.6]
	at org.springframework.beans.factory.support.AbstractAutowireCapableBeanFactory.createBeanInstance(AbstractAutowireCapableBeanFactory.java:1194) ~[spring-beans-7.0.6.jar:7.0.6]
	at org.springframework.beans.factory.support.AbstractAutowireCapableBeanFactory.doCreateBean(AbstractAutowireCapableBeanFactory.java:565) ~[spring-beans-7.0.6.jar:7.0.6]
	at org.springframework.beans.factory.support.AbstractAutowireCapableBeanFactory.createBean(AbstractAutowireCapableBeanFactory.java:525) ~[spring-beans-7.0.6.jar:7.0.6]
	at org.springframework.beans.factory.support.AbstractBeanFactory.lambda$doGetBean$0(AbstractBeanFactory.java:333) ~[spring-beans-7.0.6.jar:7.0.6]
	at org.springframework.beans.factory.support.DefaultSingletonBeanRegistry.getSingleton(DefaultSingletonBeanRegistry.java:371) ~[spring-beans-7.0.6.jar:7.0.6]
	at org.springframework.beans.factory.support.AbstractBeanFactory.doGetBean(AbstractBeanFactory.java:331) ~[spring-beans-7.0.6.jar:7.0.6]
	at org.springframework.beans.factory.support.AbstractBeanFactory.getBean(AbstractBeanFactory.java:196) ~[spring-beans-7.0.6.jar:7.0.6]
	at org.springframework.beans.factory.support.AbstractBeanFactory.doGetBean(AbstractBeanFactory.java:309) ~[spring-beans-7.0.6.jar:7.0.6]
	... 101 common frames omitted
Caused by: org.springframework.beans.factory.BeanCreationException: Error creating bean with name 'dataSource' defined in class path resource [org/springframework/boot/jdbc/autoconfigure/DataSourceConfiguration$Hikari.class]: Failed to instantiate [com.zaxxer.hikari.HikariDataSource]: Factory method 'dataSource' threw exception with message: Failed to determine suitable jdbc url
	at org.springframework.beans.factory.support.ConstructorResolver.instantiate(ConstructorResolver.java:657) ~[spring-beans-7.0.6.jar:7.0.6]
	at org.springframework.beans.factory.support.ConstructorResolver.instantiateUsingFactoryMethod(ConstructorResolver.java:645) ~[spring-beans-7.0.6.jar:7.0.6]
	at org.springframework.beans.factory.support.AbstractAutowireCapableBeanFactory.instantiateUsingFactoryMethod(AbstractAutowireCapableBeanFactory.java:1362) ~[spring-beans-7.0.6.jar:7.0.6]
	at org.springframework.beans.factory.support.AbstractAutowireCapableBeanFactory.createBeanInstance(AbstractAutowireCapableBeanFactory.java:1194) ~[spring-beans-7.0.6.jar:7.0.6]
	at org.springframework.beans.factory.support.AbstractAutowireCapableBeanFactory.doCreateBean(AbstractAutowireCapableBeanFactory.java:565) ~[spring-beans-7.0.6.jar:7.0.6]
	at org.springframework.beans.factory.support.AbstractAutowireCapableBeanFactory.createBean(AbstractAutowireCapableBeanFactory.java:525) ~[spring-beans-7.0.6.jar:7.0.6]
	at org.springframework.beans.factory.support.AbstractBeanFactory.lambda$doGetBean$0(AbstractBeanFactory.java:333) ~[spring-beans-7.0.6.jar:7.0.6]
	at org.springframework.beans.factory.support.DefaultSingletonBeanRegistry.getSingleton(DefaultSingletonBeanRegistry.java:371) ~[spring-beans-7.0.6.jar:7.0.6]
	at org.springframework.beans.factory.support.AbstractBeanFactory.doGetBean(AbstractBeanFactory.java:331) ~[spring-beans-7.0.6.jar:7.0.6]
	at org.springframework.beans.factory.support.AbstractBeanFactory.getBean(AbstractBeanFactory.java:201) ~[spring-beans-7.0.6.jar:7.0.6]
	at org.springframework.beans.factory.support.DefaultListableBeanFactory.resolveBean(DefaultListableBeanFactory.java:1225) ~[spring-beans-7.0.6.jar:7.0.6]
	at org.springframework.beans.factory.support.DefaultListableBeanFactory.doResolveDependency(DefaultListableBeanFactory.java:1704) ~[spring-beans-7.0.6.jar:7.0.6]
	at org.springframework.beans.factory.support.DefaultListableBeanFactory.resolveDependency(DefaultListableBeanFactory.java:1651) ~[spring-beans-7.0.6.jar:7.0.6]
	at org.springframework.beans.factory.support.ConstructorResolver.resolveAutowiredArgument(ConstructorResolver.java:912) ~[spring-beans-7.0.6.jar:7.0.6]
	at org.springframework.beans.factory.support.ConstructorResolver.createArgumentArray(ConstructorResolver.java:791) ~[spring-beans-7.0.6.jar:7.0.6]
	... 111 common frames omitted
Caused by: org.springframework.beans.BeanInstantiationException: Failed to instantiate [com.zaxxer.hikari.HikariDataSource]: Factory method 'dataSource' threw exception with message: Failed to determine suitable jdbc url
	at org.springframework.beans.factory.support.SimpleInstantiationStrategy.lambda$instantiate$0(SimpleInstantiationStrategy.java:183) ~[spring-beans-7.0.6.jar:7.0.6]
	at org.springframework.beans.factory.support.SimpleInstantiationStrategy.instantiateWithFactoryMethod(SimpleInstantiationStrategy.java:72) ~[spring-beans-7.0.6.jar:7.0.6]
	at org.springframework.beans.factory.support.SimpleInstantiationStrategy.instantiate(SimpleInstantiationStrategy.java:152) ~[spring-beans-7.0.6.jar:7.0.6]
	at org.springframework.beans.factory.support.ConstructorResolver.instantiate(ConstructorResolver.java:653) ~[spring-beans-7.0.6.jar:7.0.6]
	... 125 common frames omitted
Caused by: org.springframework.boot.jdbc.autoconfigure.DataSourceProperties$DataSourceBeanCreationException: Failed to determine suitable jdbc url
	at org.springframework.boot.jdbc.autoconfigure.DataSourceProperties.determineUrl(DataSourceProperties.java:239) ~[spring-boot-jdbc-4.0.4.jar:4.0.4]
	at org.springframework.boot.jdbc.autoconfigure.PropertiesJdbcConnectionDetails.getJdbcUrl(PropertiesJdbcConnectionDetails.java:46) ~[spring-boot-jdbc-4.0.4.jar:4.0.4]
	at org.springframework.boot.jdbc.autoconfigure.DataSourceConfiguration.createDataSource(DataSourceConfiguration.java:65) ~[spring-boot-jdbc-4.0.4.jar:4.0.4]
	at org.springframework.boot.jdbc.autoconfigure.DataSourceConfiguration$Hikari.dataSource(DataSourceConfiguration.java:128) ~[spring-boot-jdbc-4.0.4.jar:4.0.4]
	at java.base/jdk.internal.reflect.DirectMethodHandleAccessor.invoke(DirectMethodHandleAccessor.java:103) ~[na:na]
	at java.base/java.lang.reflect.Method.invoke(Method.java:580) ~[na:na]
	at org.springframework.beans.factory.support.SimpleInstantiationStrategy.lambda$instantiate$0(SimpleInstantiationStrategy.java:155) ~[spring-beans-7.0.6.jar:7.0.6]
	... 128 common frames omitted

[ERROR] Tests run: 1, Failures: 0, Errors: 1, Skipped: 0, Time elapsed: 4.213 s <<< FAILURE! -- in com.payroute.orchestrate.OrchestrateApplicationTests
[ERROR] com.payroute.orchestrate.OrchestrateApplicationTests.contextLoads -- Time elapsed: 0.026 s <<< ERROR!
java.lang.IllegalStateException: Failed to load ApplicationContext for [WebMergedContextConfiguration@7aa3857b testClass = com.payroute.orchestrate.OrchestrateApplicationTests, locations = [], classes = [com.payroute.orchestrate.OrchestrateApplication], contextInitializerClasses = [], activeProfiles = ["test"], propertySourceDescriptors = [], propertySourceProperties = ["org.springframework.boot.test.context.SpringBootTestContextBootstrapper=true"], contextCustomizers = [org.springframework.boot.web.server.context.SpringBootTestRandomPortContextCustomizer@751d3241, org.springframework.boot.test.context.PropertyMappingContextCustomizer@0, org.springframework.boot.test.context.filter.ExcludeFilterContextCustomizer@71e5f61d, org.springframework.boot.test.json.DuplicateJsonObjectContextCustomizerFactory$DuplicateJsonObjectContextCustomizer@62679465, org.springframework.boot.test.autoconfigure.OnFailureConditionReportContextCustomizerFactory$OnFailureConditionReportContextCustomizer@5b6813df, org.springframework.test.context.support.DynamicPropertiesContextCustomizer@0, org.springframework.boot.test.context.SpringBootTestAnnotation@946d1227], resourceBasePath = "src/main/webapp", contextLoader = org.springframework.boot.test.context.SpringBootContextLoader, parent = null]
	at org.springframework.test.context.cache.DefaultCacheAwareContextLoaderDelegate.lambda$loadContext$0(DefaultCacheAwareContextLoaderDelegate.java:195)
	at org.springframework.test.context.cache.DefaultContextCache.put(DefaultContextCache.java:214)
	at org.springframework.test.context.cache.DefaultCacheAwareContextLoaderDelegate.loadContext(DefaultCacheAwareContextLoaderDelegate.java:160)
	at org.springframework.test.context.support.DefaultTestContext.getApplicationContext(DefaultTestContext.java:128)
	at org.springframework.test.context.web.ServletTestExecutionListener.setUpRequestContextIfNecessary(ServletTestExecutionListener.java:200)
	at org.springframework.test.context.web.ServletTestExecutionListener.prepareTestInstance(ServletTestExecutionListener.java:139)
	at org.springframework.test.context.TestContextManager.prepareTestInstance(TestContextManager.java:260)
	at org.springframework.test.context.junit.jupiter.SpringExtension.postProcessTestInstance(SpringExtension.java:210)
	at java.base/java.util.stream.ForEachOps$ForEachOp$OfRef.accept(ForEachOps.java:184)
	at java.base/java.util.stream.ReferencePipeline$3$1.accept(ReferencePipeline.java:197)
	at java.base/java.util.stream.ReferencePipeline$2$1.accept(ReferencePipeline.java:179)
	at java.base/java.util.stream.ReferencePipeline$3$1.accept(ReferencePipeline.java:197)
	at java.base/java.util.ArrayList$ArrayListSpliterator.forEachRemaining(ArrayList.java:1708)
	at java.base/java.util.stream.AbstractPipeline.copyInto(AbstractPipeline.java:509)
	at java.base/java.util.stream.AbstractPipeline.wrapAndCopyInto(AbstractPipeline.java:499)
	at java.base/java.util.stream.ForEachOps$ForEachOp.evaluateSequential(ForEachOps.java:151)
	at java.base/java.util.stream.ForEachOps$ForEachOp$OfRef.evaluateSequential(ForEachOps.java:174)
	at java.base/java.util.stream.AbstractPipeline.evaluate(AbstractPipeline.java:234)
	at java.base/java.util.stream.ReferencePipeline.forEach(ReferencePipeline.java:596)
	at java.base/java.util.Optional.orElseGet(Optional.java:364)
	at java.base/java.util.ArrayList.forEach(ArrayList.java:1596)
	at java.base/java.util.ArrayList.forEach(ArrayList.java:1596)
Caused by: org.springframework.beans.factory.BeanCreationException: Error creating bean with name 'entityManagerFactory' defined in class path resource [org/springframework/boot/hibernate/autoconfigure/HibernateJpaConfiguration.class]: Failed to initialize dependency 'dataSourceScriptDatabaseInitializer' of LoadTimeWeaverAware bean 'entityManagerFactory': Error creating bean with name 'dataSourceScriptDatabaseInitializer' defined in class path resource [org/springframework/boot/jdbc/autoconfigure/DataSourceInitializationAutoConfiguration.class]: Unsatisfied dependency expressed through method 'dataSourceScriptDatabaseInitializer' parameter 0: Error creating bean with name 'dataSource' defined in class path resource [org/springframework/boot/jdbc/autoconfigure/DataSourceConfiguration$Hikari.class]: Failed to instantiate [com.zaxxer.hikari.HikariDataSource]: Factory method 'dataSource' threw exception with message: Failed to determine suitable jdbc url
	at org.springframework.beans.factory.support.AbstractBeanFactory.doGetBean(AbstractBeanFactory.java:322)
	at org.springframework.beans.factory.support.AbstractBeanFactory.getBean(AbstractBeanFactory.java:201)
	at org.springframework.context.support.AbstractApplicationContext.finishBeanFactoryInitialization(AbstractApplicationContext.java:977)
	at org.springframework.context.support.AbstractApplicationContext.refresh(AbstractApplicationContext.java:621)
	at org.springframework.boot.SpringApplication.refresh(SpringApplication.java:756)
	at org.springframework.boot.SpringApplication.refreshContext(SpringApplication.java:445)
	at org.springframework.boot.SpringApplication.run(SpringApplication.java:321)
	at org.springframework.boot.test.context.SpringBootContextLoader.lambda$loadContext$2(SpringBootContextLoader.java:155)
	at org.springframework.util.function.ThrowingSupplier.get(ThrowingSupplier.java:58)
	at org.springframework.util.function.ThrowingSupplier.get(ThrowingSupplier.java:46)
	at org.springframework.boot.SpringApplication.withHook(SpringApplication.java:1465)
	at org.springframework.boot.test.context.SpringBootContextLoader$ContextLoaderHook.run(SpringBootContextLoader.java:600)
	at org.springframework.boot.test.context.SpringBootContextLoader.loadContext(SpringBootContextLoader.java:155)
	at org.springframework.boot.test.context.SpringBootContextLoader.loadContext(SpringBootContextLoader.java:114)
	at org.springframework.test.context.cache.DefaultCacheAwareContextLoaderDelegate.loadContextInternal(DefaultCacheAwareContextLoaderDelegate.java:247)
	at org.springframework.test.context.cache.DefaultCacheAwareContextLoaderDelegate.lambda$loadContext$0(DefaultCacheAwareContextLoaderDelegate.java:167)
	... 21 more
Caused by: org.springframework.beans.factory.UnsatisfiedDependencyException: Error creating bean with name 'dataSourceScriptDatabaseInitializer' defined in class path resource [org/springframework/boot/jdbc/autoconfigure/DataSourceInitializationAutoConfiguration.class]: Unsatisfied dependency expressed through method 'dataSourceScriptDatabaseInitializer' parameter 0: Error creating bean with name 'dataSource' defined in class path resource [org/springframework/boot/jdbc/autoconfigure/DataSourceConfiguration$Hikari.class]: Failed to instantiate [com.zaxxer.hikari.HikariDataSource]: Factory method 'dataSource' threw exception with message: Failed to determine suitable jdbc url
	at org.springframework.beans.factory.support.ConstructorResolver.createArgumentArray(ConstructorResolver.java:804)
	at org.springframework.beans.factory.support.ConstructorResolver.instantiateUsingFactoryMethod(ConstructorResolver.java:546)
	at org.springframework.beans.factory.support.AbstractAutowireCapableBeanFactory.instantiateUsingFactoryMethod(AbstractAutowireCapableBeanFactory.java:1362)
	at org.springframework.beans.factory.support.AbstractAutowireCapableBeanFactory.createBeanInstance(AbstractAutowireCapableBeanFactory.java:1194)
	at org.springframework.beans.factory.support.AbstractAutowireCapableBeanFactory.doCreateBean(AbstractAutowireCapableBeanFactory.java:565)
	at org.springframework.beans.factory.support.AbstractAutowireCapableBeanFactory.createBean(AbstractAutowireCapableBeanFactory.java:525)
	at org.springframework.beans.factory.support.AbstractBeanFactory.lambda$doGetBean$0(AbstractBeanFactory.java:333)
	at org.springframework.beans.factory.support.DefaultSingletonBeanRegistry.getSingleton(DefaultSingletonBeanRegistry.java:371)
	at org.springframework.beans.factory.support.AbstractBeanFactory.doGetBean(AbstractBeanFactory.java:331)
	at org.springframework.beans.factory.support.AbstractBeanFactory.getBean(AbstractBeanFactory.java:196)
	at org.springframework.beans.factory.support.AbstractBeanFactory.doGetBean(AbstractBeanFactory.java:309)
	... 36 more
Caused by: org.springframework.beans.factory.BeanCreationException: Error creating bean with name 'dataSource' defined in class path resource [org/springframework/boot/jdbc/autoconfigure/DataSourceConfiguration$Hikari.class]: Failed to instantiate [com.zaxxer.hikari.HikariDataSource]: Factory method 'dataSource' threw exception with message: Failed to determine suitable jdbc url
	at org.springframework.beans.factory.support.ConstructorResolver.instantiate(ConstructorResolver.java:657)
	at org.springframework.beans.factory.support.ConstructorResolver.instantiateUsingFactoryMethod(ConstructorResolver.java:645)
	at org.springframework.beans.factory.support.AbstractAutowireCapableBeanFactory.instantiateUsingFactoryMethod(AbstractAutowireCapableBeanFactory.java:1362)
	at org.springframework.beans.factory.support.AbstractAutowireCapableBeanFactory.createBeanInstance(AbstractAutowireCapableBeanFactory.java:1194)
	at org.springframework.beans.factory.support.AbstractAutowireCapableBeanFactory.doCreateBean(AbstractAutowireCapableBeanFactory.java:565)
	at org.springframework.beans.factory.support.AbstractAutowireCapableBeanFactory.createBean(AbstractAutowireCapableBeanFactory.java:525)
	at org.springframework.beans.factory.support.AbstractBeanFactory.lambda$doGetBean$0(AbstractBeanFactory.java:333)
	at org.springframework.beans.factory.support.DefaultSingletonBeanRegistry.getSingleton(DefaultSingletonBeanRegistry.java:371)
	at org.springframework.beans.factory.support.AbstractBeanFactory.doGetBean(AbstractBeanFactory.java:331)
	at org.springframework.beans.factory.support.AbstractBeanFactory.getBean(AbstractBeanFactory.java:201)
	at org.springframework.beans.factory.support.DefaultListableBeanFactory.resolveBean(DefaultListableBeanFactory.java:1225)
	at org.springframework.beans.factory.support.DefaultListableBeanFactory.doResolveDependency(DefaultListableBeanFactory.java:1704)
	at org.springframework.beans.factory.support.DefaultListableBeanFactory.resolveDependency(DefaultListableBeanFactory.java:1651)
	at org.springframework.beans.factory.support.ConstructorResolver.resolveAutowiredArgument(ConstructorResolver.java:912)
	at org.springframework.beans.factory.support.ConstructorResolver.createArgumentArray(ConstructorResolver.java:791)
	... 46 more
Caused by: org.springframework.beans.BeanInstantiationException: Failed to instantiate [com.zaxxer.hikari.HikariDataSource]: Factory method 'dataSource' threw exception with message: Failed to determine suitable jdbc url
	at org.springframework.beans.factory.support.SimpleInstantiationStrategy.lambda$instantiate$0(SimpleInstantiationStrategy.java:183)
	at org.springframework.beans.factory.support.SimpleInstantiationStrategy.instantiateWithFactoryMethod(SimpleInstantiationStrategy.java:72)
	at org.springframework.beans.factory.support.SimpleInstantiationStrategy.instantiate(SimpleInstantiationStrategy.java:152)
	at org.springframework.beans.factory.support.ConstructorResolver.instantiate(ConstructorResolver.java:653)
	... 60 more
Caused by: org.springframework.boot.jdbc.autoconfigure.DataSourceProperties$DataSourceBeanCreationException: Failed to determine suitable jdbc url
	at org.springframework.boot.jdbc.autoconfigure.DataSourceProperties.determineUrl(DataSourceProperties.java:239)
	at org.springframework.boot.jdbc.autoconfigure.PropertiesJdbcConnectionDetails.getJdbcUrl(PropertiesJdbcConnectionDetails.java:46)
	at org.springframework.boot.jdbc.autoconfigure.DataSourceConfiguration.createDataSource(DataSourceConfiguration.java:65)
	at org.springframework.boot.jdbc.autoconfigure.DataSourceConfiguration$Hikari.dataSource(DataSourceConfiguration.java:128)
	at java.base/java.lang.reflect.Method.invoke(Method.java:580)
	at org.springframework.beans.factory.support.SimpleInstantiationStrategy.lambda$instantiate$0(SimpleInstantiationStrategy.java:155)
	... 63 more

[INFO] 
[INFO] Results:
[INFO] 
[ERROR] Errors: 
[ERROR]   OrchestrateApplicationTests.contextLoads ╗ IllegalState Failed to load ApplicationContext for [WebMergedContextConfiguration@7aa3857b testClass = com.payroute.orchestrate.OrchestrateApplicationTests, locations = [], classes = [com.payroute.orchestrate.OrchestrateApplication], contextInitializerClasses = [], activeProfiles = ["test"], propertySourceDescriptors = [], propertySourceProperties = ["org.springframework.boot.test.context.SpringBootTestContextBootstrapper=true"], contextCustomizers = [org.springframework.boot.web.server.context.SpringBootTestRandomPortContextCustomizer@751d3241, org.springframework.boot.test.context.PropertyMappingContextCustomizer@0, org.springframework.boot.test.context.filter.ExcludeFilterContextCustomizer@71e5f61d, org.springframework.boot.test.json.DuplicateJsonObjectContextCustomizerFactory$DuplicateJsonObjectContextCustomizer@62679465, org.springframework.boot.test.autoconfigure.OnFailureConditionReportContextCustomizerFactory$OnFailureConditionReportContextCustomizer@5b6813df, org.springframework.test.context.support.DynamicPropertiesContextCustomizer@0, org.springframework.boot.test.context.SpringBootTestAnnotation@946d1227], resourceBasePath = "src/main/webapp", contextLoader = org.springframework.boot.test.context.SpringBootContextLoader, parent = null]
[INFO] 
[ERROR] Tests run: 1, Failures: 0, Errors: 1, Skipped: 0
[INFO] 
[INFO] ------------------------------------------------------------------------
[INFO] BUILD FAILURE
[INFO] ------------------------------------------------------------------------
[INFO] Total time:  9.992 s
[INFO] Finished at: 2026-03-22T18:28:20+05:30
[INFO] ------------------------------------------------------------------------
[ERROR] Failed to execute goal org.apache.maven.plugins:maven-surefire-plugin:3.5.5:test (default-test) on project orchestrate: 
[ERROR] 
[ERROR] See E:\Payroute\orchestrate\target\surefire-reports for the individual test results.
[ERROR] See dump files (if any exist) [date].dump, [date]-jvmRun[N].dump and [date].dumpstream.
[ERROR] -> [Help 1]
[ERROR] 
[ERROR] To see the full stack trace of the errors, re-run Maven with the -e switch.
[ERROR] Re-run Maven using the -X switch to enable full debug logging.
[ERROR] 
[ERROR] For more information about the errors and possible solutions, please read the following articles:
[ERROR] [Help 1] http://cwiki.apache.org/confluence/display/MAVEN/MojoFailureException
